Archive member included to satisfy reference by file (symbol)

/usr/lib/gcc/arm-none-eabi/13.2.1/thumb/v6-m/nofp/libgcc.a(_dvmd_tls.o)
                              CMakeFiles/rtos_braille.dir/home/deane/pico/pico-sdk/src/rp2_common/pico_divider/divider_hardware.S.obj (__aeabi_idiv0)
/usr/lib/gcc/arm-none-eabi/13.2.1/../../../arm-none-eabi/lib/thumb/v6-m/nofp/libg.a(libc_a-calloc.o)
                              CMakeFiles/rtos_braille.dir/home/deane/pico/pico-sdk/src/rp2_common/pico_malloc/malloc.c.obj (calloc)
/usr/lib/gcc/arm-none-eabi/13.2.1/../../../arm-none-eabi/lib/thumb/v6-m/nofp/libg.a(libc_a-impure.o)
                              /usr/lib/gcc/arm-none-eabi/13.2.1/../../../arm-none-eabi/lib/thumb/v6-m/nofp/libg.a(libc_a-calloc.o) (_impure_ptr)
/usr/lib/gcc/arm-none-eabi/13.2.1/../../../arm-none-eabi/lib/thumb/v6-m/nofp/libg.a(libc_a-callocr.o)
                              /usr/lib/gcc/arm-none-eabi/13.2.1/../../../arm-none-eabi/lib/thumb/v6-m/nofp/libg.a(libc_a-calloc.o) (_calloc_r)
/usr/lib/gcc/arm-none-eabi/13.2.1/../../../arm-none-eabi/lib/thumb/v6-m/nofp/libg.a(libc_a-realloc.o)
                              CMakeFiles/rtos_braille.dir/home/deane/pico/pico-sdk/src/rp2_common/pico_malloc/malloc.c.obj (realloc)
/usr/lib/gcc/arm-none-eabi/13.2.1/../../../arm-none-eabi/lib/thumb/v6-m/nofp/libg.a(libc_a-mallocr.o)
                              /usr/lib/gcc/arm-none-eabi/13.2.1/../../../arm-none-eabi/lib/thumb/v6-m/nofp/libg.a(libc_a-callocr.o) (_malloc_r)
/usr/lib/gcc/arm-none-eabi/13.2.1/../../../arm-none-eabi/lib/thumb/v6-m/nofp/libg.a(libc_a-freer.o)
                              /usr/lib/gcc/arm-none-eabi/13.2.1/../../../arm-none-eabi/lib/thumb/v6-m/nofp/libg.a(libc_a-mallocr.o) (_free_r)
/usr/lib/gcc/arm-none-eabi/13.2.1/../../../arm-none-eabi/lib/thumb/v6-m/nofp/libg.a(libc_a-memcmp.o)
                              CMakeFiles/rtos_braille.dir/home/deane/pico/pico-sdk/src/rp2_common/pico_atomic/atomic.c.obj (memcmp)
/usr/lib/gcc/arm-none-eabi/13.2.1/../../../arm-none-eabi/lib/thumb/v6-m/nofp/libg.a(libc_a-malloc.o)
                              CMakeFiles/rtos_braille.dir/home/deane/pico/pico-sdk/src/rp2_common/pico_malloc/malloc.c.obj (malloc)
/usr/lib/gcc/arm-none-eabi/13.2.1/../../../arm-none-eabi/lib/thumb/v6-m/nofp/libg.a(libc_a-sysconf.o)
                              /usr/lib/gcc/arm-none-eabi/13.2.1/../../../arm-none-eabi/lib/thumb/v6-m/nofp/libg.a(libc_a-mallocr.o) (sysconf)
/usr/lib/gcc/arm-none-eabi/13.2.1/../../../arm-none-eabi/lib/thumb/v6-m/nofp/libg.a(libc_a-init.o)
                              /usr/lib/gcc/arm-none-eabi/13.2.1/../../../arm-none-eabi/lib/thumb/v6-m/nofp/crt0.o (__libc_init_array)
/usr/lib/gcc/arm-none-eabi/13.2.1/../../../arm-none-eabi/lib/thumb/v6-m/nofp/libg.a(libc_a-reallocr.o)
                              /usr/lib/gcc/arm-none-eabi/13.2.1/../../../arm-none-eabi/lib/thumb/v6-m/nofp/libg.a(libc_a-realloc.o) (_realloc_r)
/usr/lib/gcc/arm-none-eabi/13.2.1/../../../arm-none-eabi/lib/thumb/v6-m/nofp/libg.a(libc_a-mktime.o)
                              CMakeFiles/rtos_braille.dir/home/deane/pico/pico-sdk/src/common/pico_util/datetime.c.obj (mktime)
/usr/lib/gcc/arm-none-eabi/13.2.1/../../../arm-none-eabi/lib/thumb/v6-m/nofp/libg.a(libc_a-mlock.o)
                              /usr/lib/gcc/arm-none-eabi/13.2.1/../../../arm-none-eabi/lib/thumb/v6-m/nofp/libg.a(libc_a-mallocr.o) (__malloc_lock)
/usr/lib/gcc/arm-none-eabi/13.2.1/../../../arm-none-eabi/lib/thumb/v6-m/nofp/libg.a(libc_a-findfp.o)
                              /usr/lib/gcc/arm-none-eabi/13.2.1/../../../arm-none-eabi/lib/thumb/v6-m/nofp/libg.a(libc_a-impure.o) (__sf)
/usr/lib/gcc/arm-none-eabi/13.2.1/../../../arm-none-eabi/lib/thumb/v6-m/nofp/libg.a(libc_a-tzlock.o)
                              /usr/lib/gcc/arm-none-eabi/13.2.1/../../../arm-none-eabi/lib/thumb/v6-m/nofp/libg.a(libc_a-mktime.o) (__tz_lock)
/usr/lib/gcc/arm-none-eabi/13.2.1/../../../arm-none-eabi/lib/thumb/v6-m/nofp/libg.a(libc_a-atexit.o)
                              /usr/lib/gcc/arm-none-eabi/13.2.1/../../../arm-none-eabi/lib/thumb/v6-m/nofp/crt0.o (atexit)
/usr/lib/gcc/arm-none-eabi/13.2.1/../../../arm-none-eabi/lib/thumb/v6-m/nofp/libg.a(libc_a-lcltime_r.o)
                              CMakeFiles/rtos_braille.dir/home/deane/pico/pico-sdk/src/common/pico_util/datetime.c.obj (localtime_r)
/usr/lib/gcc/arm-none-eabi/13.2.1/../../../arm-none-eabi/lib/thumb/v6-m/nofp/libg.a(libc_a-strlen-stub.o)
                              CMakeFiles/rtos_braille.dir/home/deane/pico/pico-sdk/src/rp2_common/pico_stdio/stdio.c.obj (strlen)
/usr/lib/gcc/arm-none-eabi/13.2.1/../../../arm-none-eabi/lib/thumb/v6-m/nofp/libg.a(libc_a-sbrkr.o)
                              /usr/lib/gcc/arm-none-eabi/13.2.1/../../../arm-none-eabi/lib/thumb/v6-m/nofp/libg.a(libc_a-mallocr.o) (_sbrk_r)
/usr/lib/gcc/arm-none-eabi/13.2.1/../../../arm-none-eabi/lib/thumb/v6-m/nofp/libg.a(libc_a-fini.o)
[...]
Memory Configuration

Name             Origin             Length             Attributes
FLASH            0x10000000         0x00200000         xr
RAM              0x20000000         0x00040000         xrw
SCRATCH_X        0x20040000         0x00001000         xrw
SCRATCH_Y        0x20041000         0x00001000         xrw
*default*        0x00000000         0xffffffff

Linker script and memory map

LOAD /usr/lib/gcc/arm-none-eabi/13.2.1/thumb/v6-m/nofp/crti.o
LOAD /usr/lib/gcc/arm-none-eabi/13.2.1/thumb/v6-m/nofp/crtbegin.o
LOAD /usr/lib/gcc/arm-none-eabi/13.2.1/../../../arm-none-eabi/lib/thumb/v6-m/nofp/crt0.o

.flash_begin    0x10000000        0x0
                0x10000000                        __flash_binary_start = .

.boot2          0x10000000      0x100
                0x10000000                        __boot2_start__ = .
 *(.boot2)
 .boot2         0x10000000      0x100 /tmp/cc1rth4y.o
                0x10000100                        __boot2_end__ = .
                0x00000001                        ASSERT (((__boot2_end__ - __boot2_start__) == 0x100), ERROR: Pico second stage bootloader must be 256 bytes in size)

.text           0x10000100     0x96c0
                0x10000100                        __logical_binary_start = .
 *(.vectors)
 .vectors       0x10000100       0xd4 CMakeFiles/rtos_braille.dir/home/deane/pico/pico-sdk/src/rp2_common/pico_crt0/crt0.S.obj
                0x10000100                __vectors
                0x10000100                __VECTOR_TABLE
                0x100001c0                isr_invalid
                0x100001c0                __default_isrs_start
                0x100001c2                isr_nmi
                0x100001c4                isr_hardfault
                0x100001c6                isr_svcall
                0x100001c8                isr_pendsv
                0x100001ca                isr_systick
                0x100001cc                isr_irq30
                0x100001cc                __unhandled_user_irq
                0x100001cc                isr_irq13
                0x100001cc                isr_irq27
                0x100001cc                isr_irq31
                0x100001cc                isr_irq5
                0x100001cc                isr_irq11
                0x100001cc                isr_irq23
                0x100001cc                isr_irq18
                0x100001cc                isr_irq28
                0x100001cc                isr_irq19
                0x100001cc                isr_irq0
                0x100001cc                isr_irq6
                0x100001cc                isr_irq22
                0x100001cc                isr_irq17
                0x100001cc                isr_irq14
                0x100001cc                isr_irq2
                0x100001cc                isr_irq10
                0x100001cc                isr_irq8
                0x100001cc                isr_irq24
                0x100001cc                isr_irq1
                0x100001cc                isr_irq7
                0x100001cc                isr_irq21
                0x100001cc                isr_irq20
                0x100001cc                isr_irq15
                0x100001cc                isr_irq25
                0x100001cc                isr_irq4
                0x100001cc                isr_irq16
                0x100001cc                isr_irq29
                0x100001cc                isr_irq26
                0x100001cc                __default_isrs_end
                0x100001cc                isr_irq3
                0x100001cc                isr_irq12
                0x100001cc                isr_irq9
                0x100001d2                unhandled_user_irq_num_in_r0
 *(.binary_info_header)
 .binary_info_header
                0x100001d4       0x14 CMakeFiles/rtos_braille.dir/home/deane/pico/pico-sdk/src/rp2_common/pico_crt0/crt0.S.obj
                0x100001e8                        __binary_info_header_end = .
 *(.embedded_block)
                0x100001e8                        __embedded_block_end = .
 *(.reset)
 .reset         0x100001e8       0x9c CMakeFiles/rtos_braille.dir/home/deane/pico/pico-sdk/src/rp2_common/pico_crt0/crt0.S.obj
                0x100001e8                _entry_point
 *(.init)
 .init          0x10000284        0x4 /usr/lib/gcc/arm-none-eabi/13.2.1/thumb/v6-m/nofp/crti.o
                0x10000284                _init
 *(EXCLUDE_FILE(*libm.a: *libc.a:*lib_a-mem*.o *libgcc.a:) .text*)
 .text          0x10000288       0x98 /usr/lib/gcc/arm-none-eabi/13.2.1/thumb/v6-m/nofp/crtbegin.o
 .text.send_byte
                0x10000320       0x8c CMakeFiles/rtos_braille.dir/braille.c.obj
                0x10000320                send_byte
 .text.send_braille
                0x100003ac       0x38 CMakeFiles/rtos_braille.dir/braille.c.obj
                0x100003ac                send_braille
 .text.clear_display
                0x100003e4       0x5c CMakeFiles/rtos_braille.dir/braille.c.obj
                0x100003e4                clear_display
 .text.initialize_braille_display
                0x10000440       0x80 CMakeFiles/rtos_braille.dir/braille.c.obj
                0x10000440                initialize_braille_display
 .text.init_spi
                0x100004c0       0x84 CMakeFiles/rtos_braille.dir/spi_braille.c.obj
                0x100004c0                init_spi
 .text.monitor_spi
                0x10000544       0xec CMakeFiles/rtos_braille.dir/spi_braille.c.obj
                0x10000544                monitor_spi
 .text.blink_task
                0x10000630       0x58 CMakeFiles/rtos_braille.dir/rtos_braille.c.obj
                0x10000630                blink_task
 .text.main_task
                0x10000688       0xbc CMakeFiles/rtos_braille.dir/rtos_braille.c.obj
                0x10000688                main_task
 .text.do_work  0x10000744       0x70 CMakeFiles/rtos_braille.dir/rtos_braille.c.obj
 .text.vLaunch  0x100007b4       0x34 CMakeFiles/rtos_braille.dir/rtos_braille.c.obj
                0x100007b4                vLaunch
 .text.startup.main
                0x100007e8       0x24 CMakeFiles/rtos_braille.dir/rtos_braille.c.obj
                0x100007e8                main
 .text.gpio_set_function
                0x1000080c       0x34 CMakeFiles/rtos_braille.dir/home/deane/pico/pico-sdk/src/rp2_common/hardware_gpio/gpio.c.obj
                0x1000080c                gpio_set_function
 .text.gpio_init
                0x10000840       0x40 CMakeFiles/rtos_braille.dir/home/deane/pico/pico-sdk/src/rp2_common/hardware_gpio/gpio.c.obj
                0x10000840                gpio_init
 .text.panic    0x10000880       0x30 CMakeFiles/rtos_braille.dir/home/deane/pico/pico-sdk/src/rp2_common/pico_platform_panic/panic.c.obj
                0x10000880                panic
 .text.panic_unsupported
                0x100008b0        0xc CMakeFiles/rtos_braille.dir/home/deane/pico/pico-sdk/src/rp2_common/pico_platform_panic/panic.c.obj
                0x100008b0                panic_unsupported
 .text.hw_claim_or_assert
                0x100008bc       0x44 CMakeFiles/rtos_braille.dir/home/deane/pico/pico-sdk/src/common/hardware_claim/claim.c.obj
                0x100008bc                hw_claim_or_assert
 .text.next_striped_spin_lock_num
                0x10000900       0x18 CMakeFiles/rtos_braille.dir/home/deane/pico/pico-sdk/src/rp2_common/hardware_sync/sync.c.obj
                0x10000900                next_striped_spin_lock_num
 .text.spin_lock_claim
                0x10000918       0x18 CMakeFiles/rtos_braille.dir/home/deane/pico/pico-sdk/src/rp2_common/hardware_sync/sync.c.obj
                0x10000918                spin_lock_claim
 .text.spin_locks_reset
                0x10000930       0x1c CMakeFiles/rtos_braille.dir/home/deane/pico/pico-sdk/src/rp2_common/hardware_sync_spin_lock/sync_spin_lock.c.obj
                0x10000930                spin_locks_reset
 .text.runtime_init_per_core_irq_priorities
                0x1000094c       0x24 CMakeFiles/rtos_braille.dir/home/deane/pico/pico-sdk/src/rp2_common/hardware_irq/irq.c.obj
                0x1000094c                runtime_init_per_core_irq_priorities
 .text.irq_set_enabled
                0x10000970       0x24 CMakeFiles/rtos_braille.dir/home/deane/pico/pico-sdk/src/rp2_common/hardware_irq/irq.c.obj
                0x10000970                irq_set_enabled
 .text.irq_is_enabled
                0x10000994       0x18 CMakeFiles/rtos_braille.dir/home/deane/pico/pico-sdk/src/rp2_common/hardware_irq/irq.c.obj
                0x10000994                irq_is_enabled
 .text.irq_set_exclusive_handler
                0x100009ac       0x54 CMakeFiles/rtos_braille.dir/home/deane/pico/pico-sdk/src/rp2_common/hardware_irq/irq.c.obj
                0x100009ac                irq_set_exclusive_handler
 .text.irq_remove_handler
                0x10000a00      0x1d4 CMakeFiles/rtos_braille.dir/home/deane/pico/pico-sdk/src/rp2_common/hardware_irq/irq.c.obj
                0x10000a00                irq_remove_handler
 .text.irq_set_priority
                0x10000bd4       0x28 CMakeFiles/rtos_braille.dir/home/deane/pico/pico-sdk/src/rp2_common/hardware_irq/irq.c.obj
                0x10000bd4                irq_set_priority
 .text.irq_add_tail_to_free_list
                0x10000bfc       0xb4 CMakeFiles/rtos_braille.dir/home/deane/pico/pico-sdk/src/rp2_common/hardware_irq/irq.c.obj
                0x10000bfc                irq_add_tail_to_free_list
 .text.lock_init
                0x10000cb0       0x10 CMakeFiles/rtos_braille.dir/home/deane/pico/pico-sdk/src/common/pico_sync/lock_core.c.obj
                0x10000cb0                lock_init
 .text.runtime_init_mutex
                0x10000cc0       0x54 CMakeFiles/rtos_braille.dir/home/deane/pico/pico-sdk/src/common/pico_sync/mutex.c.obj
                0x10000cc0                runtime_init_mutex
 .text.alarm_pool_irq_handler
                0x10000d14      0x2e4 CMakeFiles/rtos_braille.dir/home/deane/pico/pico-sdk/src/common/pico_time/time.c.obj
 .text.sleep_until_callback
                0x10000ff8       0x24 CMakeFiles/rtos_braille.dir/home/deane/pico/pico-sdk/src/common/pico_time/time.c.obj
 .text.runtime_init_default_alarm_pool
                0x1000101c       0xdc CMakeFiles/rtos_braille.dir/home/deane/pico/pico-sdk/src/common/pico_time/time.c.obj
                0x1000101c                runtime_init_default_alarm_pool
 .text.alarm_pool_add_alarm_at_force_in_context
                0x100010f8       0xb0 CMakeFiles/rtos_braille.dir/home/deane/pico/pico-sdk/src/common/pico_time/time.c.obj
                0x100010f8                alarm_pool_add_alarm_at_force_in_context
 .text.alarm_pool_cancel_alarm
                0x100011a8       0x74 CMakeFiles/rtos_braille.dir/home/deane/pico/pico-sdk/src/common/pico_time/time.c.obj
                0x100011a8                alarm_pool_cancel_alarm
 .text.sleep_until
                0x1000121c       0xcc CMakeFiles/rtos_braille.dir/home/deane/pico/pico-sdk/src/common/pico_time/time.c.obj
                0x1000121c                sleep_until
 .text.sleep_ms
                0x100012e8       0x38 CMakeFiles/rtos_braille.dir/home/deane/pico/pico-sdk/src/common/pico_time/time.c.obj
                0x100012e8                sleep_ms
 .text.best_effort_wfe_or_timeout
                0x10001320      0x134 CMakeFiles/rtos_braille.dir/home/deane/pico/pico-sdk/src/common/pico_time/time.c.obj
                0x10001320                best_effort_wfe_or_timeout
 .text.timer_hardware_alarm_claim
                0x10001454       0x14 CMakeFiles/rtos_braille.dir/home/deane/pico/pico-sdk/src/rp2_common/hardware_timer/timer.c.obj
                0x10001454                timer_hardware_alarm_claim
 .text.timer_time_us_64
                0x10001468       0x10 CMakeFiles/rtos_braille.dir/home/deane/pico/pico-sdk/src/rp2_common/hardware_timer/timer.c.obj
                0x10001468                timer_time_us_64
 .text.time_us_64
                0x10001478       0x14 CMakeFiles/rtos_braille.dir/home/deane/pico/pico-sdk/src/rp2_common/hardware_timer/timer.c.obj
                0x10001478                time_us_64
 .text.busy_wait_us
                0x1000148c       0x68 CMakeFiles/rtos_braille.dir/home/deane/pico/pico-sdk/src/rp2_common/hardware_timer/timer.c.obj
                0x1000148c                busy_wait_us
 .text.busy_wait_ms
                0x100014f4       0x9c CMakeFiles/rtos_braille.dir/home/deane/pico/pico-sdk/src/rp2_common/hardware_timer/timer.c.obj
                0x100014f4                busy_wait_ms
 .text.busy_wait_until
                0x10001590       0x20 CMakeFiles/rtos_braille.dir/home/deane/pico/pico-sdk/src/rp2_common/hardware_timer/timer.c.obj
                0x10001590                busy_wait_until
 .text.uart_init
                0x100015b0      0x120 CMakeFiles/rtos_braille.dir/home/deane/pico/pico-sdk/src/rp2_common/hardware_uart/uart.c.obj
                0x100015b0                uart_init
 .text.clock_configure_int_divider
                0x100016d0       0xf4 CMakeFiles/rtos_braille.dir/home/deane/pico/pico-sdk/src/rp2_common/hardware_clocks/clocks.c.obj
                0x100016d0                clock_configure_int_divider
 .text.clock_configure_undivided
                0x100017c4       0xe8 CMakeFiles/rtos_braille.dir/home/deane/pico/pico-sdk/src/rp2_common/hardware_clocks/clocks.c.obj
                0x100017c4                clock_configure_undivided
 .text.clock_get_hz
                0x100018ac        0xc CMakeFiles/rtos_braille.dir/home/deane/pico/pico-sdk/src/rp2_common/hardware_clocks/clocks.c.obj
                0x100018ac                clock_get_hz
 .text.pll_init
                0x100018b8       0xa4 CMakeFiles/rtos_braille.dir/home/deane/pico/pico-sdk/src/rp2_common/hardware_pll/pll.c.obj
                0x100018b8                pll_init
 .text.tick_start
                0x1000195c       0x10 CMakeFiles/rtos_braille.dir/home/deane/pico/pico-sdk/src/rp2_common/hardware_ticks/ticks.c.obj
                0x1000195c                tick_start
 .text.xosc_init
                0x1000196c       0x28 CMakeFiles/rtos_braille.dir/home/deane/pico/pico-sdk/src/rp2_common/hardware_xosc/xosc.c.obj
                0x1000196c                xosc_init
 .text.first_per_core_initializer
                0x10001994        0x4 CMakeFiles/rtos_braille.dir/home/deane/pico/pico-sdk/src/rp2_common/pico_runtime/runtime.c.obj
 .text.hard_assertion_failure
                0x10001998        0xc CMakeFiles/rtos_braille.dir/home/deane/pico/pico-sdk/src/rp2_common/pico_runtime/runtime.c.obj
                0x10001998                hard_assertion_failure
 .text.runtime_run_initializers
                0x100019a4       0x28 CMakeFiles/rtos_braille.dir/home/deane/pico/pico-sdk/src/rp2_common/pico_runtime/runtime.c.obj
                0x100019a4                runtime_run_initializers
 .text.runtime_run_per_core_initializers
                0x100019cc       0x28 CMakeFiles/rtos_braille.dir/home/deane/pico/pico-sdk/src/rp2_common/pico_runtime/runtime.c.obj
                0x100019cc                runtime_run_per_core_initializers
 .text.runtime_init_early_resets
                0x100019f4       0x2c CMakeFiles/rtos_braille.dir/home/deane/pico/pico-sdk/src/rp2_common/pico_runtime_init/runtime_init.c.obj
                0x100019f4                runtime_init_early_resets
 .text.runtime_init_usb_power_down
                0x10001a20       0x1c CMakeFiles/rtos_braille.dir/home/deane/pico/pico-sdk/src/rp2_common/pico_runtime_init/runtime_init.c.obj
                0x10001a20                runtime_init_usb_power_down
 .text.runtime_init_post_clock_resets
                0x10001a3c       0x20 CMakeFiles/rtos_braille.dir/home/deane/pico/pico-sdk/src/rp2_common/pico_runtime_init/runtime_init.c.obj
                0x10001a3c                runtime_init_post_clock_resets
 .text.runtime_init_rp2040_gpio_ie_disable
                0x10001a5c       0x14 CMakeFiles/rtos_braille.dir/home/deane/pico/pico-sdk/src/rp2_common/pico_runtime_init/runtime_init.c.obj
                0x10001a5c                runtime_init_rp2040_gpio_ie_disable
 .text.runtime_init_spin_locks_reset
                0x10001a70        0x8 CMakeFiles/rtos_braille.dir/home/deane/pico/pico-sdk/src/rp2_common/pico_runtime_init/runtime_init.c.obj
                0x10001a70                runtime_init_spin_locks_reset
 .text.runtime_init_install_ram_vector_table
                0x10001a78       0x1c CMakeFiles/rtos_braille.dir/home/deane/pico/pico-sdk/src/rp2_common/pico_runtime_init/runtime_init.c.obj
                0x10001a78                runtime_init_install_ram_vector_table
 .text.runtime_init_clocks
                0x10001a94       0xd8 CMakeFiles/rtos_braille.dir/home/deane/pico/pico-sdk/src/rp2_common/pico_runtime_init/runtime_init_clocks.c.obj
                0x10001a94                runtime_init_clocks
 .text          0x10001b6c       0x10 CMakeFiles/rtos_braille.dir/home/deane/pico/pico-sdk/src/rp2_common/pico_bit_ops/bit_ops_aeabi.S.obj
 .text.clzsi    0x10001b7c        0xc CMakeFiles/rtos_braille.dir/home/deane/pico/pico-sdk/src/rp2_common/pico_bit_ops/bit_ops_aeabi.S.obj
                0x10001b7c                __wrap___clz
                0x10001b7c                __wrap___clzsi2
                0x10001b7c                __wrap___clzl
 .text.rom_func_lookup
                0x10001b88       0x10 CMakeFiles/rtos_braille.dir/home/deane/pico/pico-sdk/src/rp2_common/pico_bootrom/bootrom.c.obj
                0x10001b88                rom_func_lookup
 .text.rom_data_lookup
                0x10001b98       0x10 CMakeFiles/rtos_braille.dir/home/deane/pico/pico-sdk/src/rp2_common/pico_bootrom/bootrom.c.obj
                0x10001b98                rom_data_lookup
 .text.rom_funcs_lookup
                0x10001ba8       0x44 CMakeFiles/rtos_braille.dir/home/deane/pico/pico-sdk/src/rp2_common/pico_bootrom/bootrom.c.obj
                0x10001ba8                rom_funcs_lookup
 .text.__wrap___aeabi_idiv
                0x10001bec       0x50 CMakeFiles/rtos_braille.dir/home/deane/pico/pico-sdk/src/rp2_common/pico_divider/divider_hardware.S.obj
                0x10001bec                __wrap___aeabi_idivmod
                0x10001bec                divmod_s32s32
                0x10001bec                div_s32s32
                0x10001bec                __wrap___aeabi_idiv
                0x10001bf4                divmod_s32s32_unsafe
                0x10001c20                divmod_s32s32_savestate
 .text.__wrap___aeabi_uidiv
                0x10001c3c       0x4c CMakeFiles/rtos_braille.dir/home/deane/pico/pico-sdk/src/rp2_common/pico_divider/divider_hardware.S.obj
                0x10001c3c                __wrap___aeabi_uidiv
                0x10001c3c                __wrap___aeabi_uidivmod
                0x10001c3c                div_u32u32
                0x10001c3c                divmod_u32u32
                0x10001c44                divmod_u32u32_unsafe
                0x10001c6c                divmod_u32u32_savestate
 .text.__wrap___aeabi_ldiv
                0x10001c88      0x424 CMakeFiles/rtos_braille.dir/home/deane/pico/pico-sdk/src/rp2_common/pico_divider/divider_hardware.S.obj
                0x10001c88                div_s64s64
                0x10001c88                divmod_s64s64
                0x10001c88                __wrap___aeabi_ldivmod
                0x10001cb8                div_u64u64
                0x10001cb8                divmod_u64u64
                0x10001cb8                __wrap___aeabi_uldivmod
                0x10001cc8                divmod_u64u64_savestate
                0x10001ce8                divmod_s64s64_unsafe
                0x10001d70                divmod_u64u64_unsafe
 .text.__wrap___aeabi_darithmetic
                0x100020ac       0x80 CMakeFiles/rtos_braille.dir/home/deane/pico/pico-sdk/src/rp2_common/pico_double/double_aeabi_rp2040.S.obj
                0x100020ac                __wrap___aeabi_drsub
                0x100020b2                __wrap___aeabi_dsub
                0x100020c4                __wrap___aeabi_dadd
                0x100020d6                __wrap___aeabi_ddiv
                0x10002112                __wrap___aeabi_dmul
 .text.__wrap___aeabi_cdcmple
                0x1000212c       0x6c CMakeFiles/rtos_braille.dir/home/deane/pico/pico-sdk/src/rp2_common/pico_double/double_aeabi_rp2040.S.obj
                0x1000212c                __wrap___aeabi_cdrcmple
                0x1000213c                __wrap___aeabi_cdcmple
                0x1000213c                __wrap___aeabi_cdcmpeq
 .text.__wrap___aeabi_dcmplt
                0x10002198        0xc CMakeFiles/rtos_braille.dir/home/deane/pico/pico-sdk/src/rp2_common/pico_double/double_aeabi_rp2040.S.obj
                0x10002198                __wrap___aeabi_dcmplt
 .text.__wrap___aeabi_dcmpge
                0x100021a4       0x10 CMakeFiles/rtos_braille.dir/home/deane/pico/pico-sdk/src/rp2_common/pico_double/double_aeabi_rp2040.S.obj
                0x100021a4                __wrap___aeabi_dcmpge
 .text.__wrap___aeabi_dcmpgt
                0x100021b4        0xa CMakeFiles/rtos_braille.dir/home/deane/pico/pico-sdk/src/rp2_common/pico_double/double_aeabi_rp2040.S.obj
                0x100021b4                __wrap___aeabi_dcmpgt
 .text.__wrap___aeabi_dcmpun
                0x100021be       0x18 CMakeFiles/rtos_braille.dir/home/deane/pico/pico-sdk/src/rp2_common/pico_double/double_aeabi_rp2040.S.obj
                0x100021be                __wrap___aeabi_dcmpun
 *fill*         0x100021d6        0x2 
 .text.__wrap___aeabi_i2d
                0x100021d8       0x38 CMakeFiles/rtos_braille.dir/home/deane/pico/pico-sdk/src/rp2_common/pico_double/double_aeabi_rp2040.S.obj
                0x100021d8                __wrap___aeabi_ui2d
                0x100021e0                __wrap___aeabi_i2d
 .text.__wrap___aeabi_d2iz
                0x10002210       0x48 CMakeFiles/rtos_braille.dir/home/deane/pico/pico-sdk/src/rp2_common/pico_double/double_aeabi_rp2040.S.obj
                0x10002210                __wrap___aeabi_d2iz
                0x10002210                double2int_z
 .text.__wrap___aeabi_d2uiz
                0x10002258       0x18 CMakeFiles/rtos_braille.dir/home/deane/pico/pico-sdk/src/rp2_common/pico_double/double_aeabi_rp2040.S.obj
                0x10002258                double2uint
                0x10002258                __wrap___aeabi_d2uiz
 .text.__aeabi_double_init
                0x10002270       0xa4 CMakeFiles/rtos_braille.dir/home/deane/pico/pico-sdk/src/rp2_common/pico_double/double_init_rom_rp2040.c.obj
                0x10002270                __aeabi_double_init
 .text.double_table_shim_on_use_helper
                0x10002314       0x2c CMakeFiles/rtos_braille.dir/home/deane/pico/pico-sdk/src/rp2_common/pico_double/double_v1_rom_shim_rp2040.S.obj
                0x10002314                double_table_shim_on_use_helper
 .text.__wrap___aeabi_dsub
                0x10002340       0x10 CMakeFiles/rtos_braille.dir/home/deane/pico/pico-sdk/src/rp2_common/pico_double/double_v1_rom_shim_rp2040.S.obj
                0x10002340                drsub_shim
                0x10002346                dsub_shim
 .text.dadd_shim
                0x10002350      0x15c CMakeFiles/rtos_braille.dir/home/deane/pico/pico-sdk/src/rp2_common/pico_double/double_v1_rom_shim_rp2040.S.obj
                0x10002350                dadd_shim
 .text.dmul_shim
                0x100024ac      0x15c CMakeFiles/rtos_braille.dir/home/deane/pico/pico-sdk/src/rp2_common/pico_double/double_v1_rom_shim_rp2040.S.obj
                0x100024ac                dmul_shim
 .text.ddiv_shim
                0x10002608      0x1b0 CMakeFiles/rtos_braille.dir/home/deane/pico/pico-sdk/src/rp2_common/pico_double/double_v1_rom_shim_rp2040.S.obj
                0x10002608                ddiv_shim
 .text.double2uint_shim
                0x100027b8        0xe CMakeFiles/rtos_braille.dir/home/deane/pico/pico-sdk/src/rp2_common/pico_double/double_v1_rom_shim_rp2040.S.obj
                0x100027b8                double2uint_shim
                0x100027ba                double2ufix_shim
 *fill*         0x100027c6        0x2 
 .text.double2uint64_shim
                0x100027c8       0x70 CMakeFiles/rtos_braille.dir/home/deane/pico/pico-sdk/src/rp2_common/pico_double/double_v1_rom_shim_rp2040.S.obj
                0x100027c8                double2uint64_shim
                0x100027ca                double2ufix64_shim
                0x100027ea                d2fix_a
 .text.dunpacks
                0x10002838       0x3c CMakeFiles/rtos_braille.dir/home/deane/pico/pico-sdk/src/rp2_common/pico_double/double_v1_rom_shim_rp2040.S.obj
                0x10002838                dunpacks
 .text.__aeabi_lmul
                0x10002874       0x32 CMakeFiles/rtos_braille.dir/home/deane/pico/pico-sdk/src/rp2_common/pico_int64_ops/pico_int64_ops_aeabi.S.obj
                0x10002874                __wrap___aeabi_lmul
 *fill*         0x100028a6        0x2 
 .text.__aeabi_float_init
                0x100028a8       0x64 CMakeFiles/rtos_braille.dir/home/deane/pico/pico-sdk/src/rp2_common/pico_float/float_init_rom_rp2040.c.obj
                0x100028a8                __aeabi_float_init
 .text.float_table_shim_on_use_helper
                0x1000290c       0x2c CMakeFiles/rtos_braille.dir/home/deane/pico/pico-sdk/src/rp2_common/pico_float/float_v1_rom_shim_rp2040.S.obj
                0x1000290c                float_table_shim_on_use_helper
 .text          0x10002938       0x10 CMakeFiles/rtos_braille.dir/home/deane/pico/pico-sdk/src/rp2_common/pico_mem_ops/mem_ops_aeabi.S.obj
                0x10002938                __aeabi_mem_init
 .text.memset   0x10002948        0xc CMakeFiles/rtos_braille.dir/home/deane/pico/pico-sdk/src/rp2_common/pico_mem_ops/mem_ops_aeabi.S.obj
                0x10002948                __wrap_memset
 .text.memcpy   0x10002954        0xc CMakeFiles/rtos_braille.dir/home/deane/pico/pico-sdk/src/rp2_common/pico_mem_ops/mem_ops_aeabi.S.obj
                0x10002954                __wrap___aeabi_memcpy
                0x10002954                __wrap_memcpy
 .text._out_null
                0x10002960        0x4 CMakeFiles/rtos_braille.dir/home/deane/pico/pico-sdk/src/rp2_common/pico_printf/printf.c.obj
 .text._out_rev
                0x10002964       0xac CMakeFiles/rtos_braille.dir/home/deane/pico/pico-sdk/src/rp2_common/pico_printf/printf.c.obj
 .text._ntoa_format
                0x10002a10      0x250 CMakeFiles/rtos_braille.dir/home/deane/pico/pico-sdk/src/rp2_common/pico_printf/printf.c.obj
 .text._out_char
                0x10002c60       0x10 CMakeFiles/rtos_braille.dir/home/deane/pico/pico-sdk/src/rp2_common/pico_printf/printf.c.obj
 .text._out_fct
                0x10002c70       0x10 CMakeFiles/rtos_braille.dir/home/deane/pico/pico-sdk/src/rp2_common/pico_printf/printf.c.obj
 .text._etoa    0x10002c80      0x464 CMakeFiles/rtos_braille.dir/home/deane/pico/pico-sdk/src/rp2_common/pico_printf/printf.c.obj
 .text._ftoa    0x100030e4      0x3c0 CMakeFiles/rtos_braille.dir/home/deane/pico/pico-sdk/src/rp2_common/pico_printf/printf.c.obj
 .text._vsnprintf
                0x100034a4      0xbc8 CMakeFiles/rtos_braille.dir/home/deane/pico/pico-sdk/src/rp2_common/pico_printf/printf.c.obj
 .text.vfctprintf
                0x1000406c       0x20 CMakeFiles/rtos_braille.dir/home/deane/pico/pico-sdk/src/rp2_common/pico_printf/printf.c.obj
                0x1000406c                vfctprintf
 .text.weak_raw_vprintf
                0x1000408c       0x30 CMakeFiles/rtos_braille.dir/home/deane/pico/pico-sdk/src/rp2_common/pico_printf/printf.c.obj
                0x1000408c                weak_raw_vprintf
 .text._exit    0x100040bc        0x4 CMakeFiles/rtos_braille.dir/home/deane/pico/pico-sdk/src/rp2_common/pico_clib_interface/newlib_interface.c.obj
                0x100040bc                _exit
 .text.exit     0x100040c0        0x8 CMakeFiles/rtos_braille.dir/home/deane/pico/pico-sdk/src/rp2_common/pico_clib_interface/newlib_interface.c.obj
                0x100040c0                exit
 .text.runtime_init
                0x100040c8       0x2c CMakeFiles/rtos_braille.dir/home/deane/pico/pico-sdk/src/rp2_common/pico_clib_interface/newlib_interface.c.obj
                0x100040c8                runtime_init
 .text.stdio_out_chars_no_crlf
                0x100040f4       0x10 CMakeFiles/rtos_braille.dir/home/deane/pico/pico-sdk/src/rp2_common/pico_stdio/stdio.c.obj
 .text.stdio_out_chars_crlf
                0x10004104       0x94 CMakeFiles/rtos_braille.dir/home/deane/pico/pico-sdk/src/rp2_common/pico_stdio/stdio.c.obj
 .text.stdio_buffered_printer
                0x10004198       0x64 CMakeFiles/rtos_braille.dir/home/deane/pico/pico-sdk/src/rp2_common/pico_stdio/stdio.c.obj
 .text.stdio_put_string
                0x100041fc      0x100 CMakeFiles/rtos_braille.dir/home/deane/pico/pico-sdk/src/rp2_common/pico_stdio/stdio.c.obj
                0x100041fc                stdio_put_string
 .text.stdio_set_driver_enabled
                0x100042fc       0x30 CMakeFiles/rtos_braille.dir/home/deane/pico/pico-sdk/src/rp2_common/pico_stdio/stdio.c.obj
                0x100042fc                stdio_set_driver_enabled
 .text.stdio_init_all
                0x1000432c        0xc CMakeFiles/rtos_braille.dir/home/deane/pico/pico-sdk/src/rp2_common/pico_stdio/stdio.c.obj
                0x1000432c                stdio_init_all
 .text.__wrap_putchar
                0x10004338       0x98 CMakeFiles/rtos_braille.dir/home/deane/pico/pico-sdk/src/rp2_common/pico_stdio/stdio.c.obj
                0x10004338                stdio_putchar
                0x10004338                __wrap_putchar
 .text.__wrap_puts
                0x100043d0       0x3c CMakeFiles/rtos_braille.dir/home/deane/pico/pico-sdk/src/rp2_common/pico_stdio/stdio.c.obj
                0x100043d0                __wrap_puts
                0x100043d0                stdio_puts
 .text.__wrap_vprintf
                0x1000440c       0xd4 CMakeFiles/rtos_braille.dir/home/deane/pico/pico-sdk/src/rp2_common/pico_stdio/stdio.c.obj
                0x1000440c                __wrap_vprintf
                0x1000440c                stdio_vprintf
 .text.__wrap_printf
                0x100044e0       0x18 CMakeFiles/rtos_braille.dir/home/deane/pico/pico-sdk/src/rp2_common/pico_stdio/stdio.c.obj
                0x100044e0                stdio_printf
                0x100044e0                __wrap_printf
 .text.stdio_uart_out_chars
                0x100044f8       0x4c CMakeFiles/rtos_braille.dir/home/deane/pico/pico-sdk/src/rp2_common/pico_stdio_uart/stdio_uart.c.obj
 .text.stdio_uart_in_chars
                0x10004544       0x90 CMakeFiles/rtos_braille.dir/home/deane/pico/pico-sdk/src/rp2_common/pico_stdio_uart/stdio_uart.c.obj
                0x10004544                stdio_uart_in_chars
 .text.on_uart_rx
                0x100045d4       0x28 CMakeFiles/rtos_braille.dir/home/deane/pico/pico-sdk/src/rp2_common/pico_stdio_uart/stdio_uart.c.obj
 .text.stdio_uart_out_flush
                0x100045fc       0x10 CMakeFiles/rtos_braille.dir/home/deane/pico/pico-sdk/src/rp2_common/pico_stdio_uart/stdio_uart.c.obj
 .text.stdio_uart_set_chars_available_callback
                0x1000460c       0x8c CMakeFiles/rtos_braille.dir/home/deane/pico/pico-sdk/src/rp2_common/pico_stdio_uart/stdio_uart.c.obj
 .text.stdio_uart_init
                0x10004698       0x50 CMakeFiles/rtos_braille.dir/home/deane/pico/pico-sdk/src/rp2_common/pico_stdio_uart/stdio_uart.c.obj
                0x10004698                stdio_uart_init
 .text.spi_init
                0x100046e8      0x13c CMakeFiles/rtos_braille.dir/home/deane/pico/pico-sdk/src/rp2_common/hardware_spi/spi.c.obj
                0x100046e8                spi_init
 .text.vPortSVCHandler
                0x10004824        0x4 CMakeFiles/rtos_braille.dir/home/deane/freeRtos/FreeRTOS-Kernel/portable/ThirdParty/GCC/RP2040/port.c.obj
                0x10004824                vPortSVCHandler
 *fill*         0x10004828        0x8 
 .text.vPortStartFirstTask
                0x10004830       0x38 CMakeFiles/rtos_braille.dir/home/deane/freeRtos/FreeRTOS-Kernel/portable/ThirdParty/GCC/RP2040/port.c.obj
 .text.prvFIFOInterruptHandler
                0x10004868       0x2c CMakeFiles/rtos_braille.dir/home/deane/freeRtos/FreeRTOS-Kernel/portable/ThirdParty/GCC/RP2040/port.c.obj
 *fill*         0x10004894        0xc 
 .text.xPortPendSVHandler
                0x100048a0       0x78 CMakeFiles/rtos_braille.dir/home/deane/freeRtos/FreeRTOS-Kernel/portable/ThirdParty/GCC/RP2040/port.c.obj
                0x100048a0                xPortPendSVHandler
 .text.xPortSysTickHandler
                0x10004918       0x2c CMakeFiles/rtos_braille.dir/home/deane/freeRtos/FreeRTOS-Kernel/portable/ThirdParty/GCC/RP2040/port.c.obj
                0x10004918                xPortSysTickHandler
 .text.prvTaskExitError
                0x10004944        0x8 CMakeFiles/rtos_braille.dir/home/deane/freeRtos/FreeRTOS-Kernel/portable/ThirdParty/GCC/RP2040/port.c.obj
 .text.pxPortInitialiseStack
                0x1000494c       0x20 CMakeFiles/rtos_braille.dir/home/deane/freeRtos/FreeRTOS-Kernel/portable/ThirdParty/GCC/RP2040/port.c.obj
                0x1000494c                pxPortInitialiseStack
 .text.vPortYield
                0x1000496c       0x18 CMakeFiles/rtos_braille.dir/home/deane/freeRtos/FreeRTOS-Kernel/portable/ThirdParty/GCC/RP2040/port.c.obj
                0x1000496c                vPortYield
 .text.vPortEnableInterrupts
                0x10004984       0x30 CMakeFiles/rtos_braille.dir/home/deane/freeRtos/FreeRTOS-Kernel/portable/ThirdParty/GCC/RP2040/port.c.obj
                0x10004984                vPortEnableInterrupts
 .text.vYieldCore
                0x100049b4        0xc CMakeFiles/rtos_braille.dir/home/deane/freeRtos/FreeRTOS-Kernel/portable/ThirdParty/GCC/RP2040/port.c.obj
                0x100049b4                vYieldCore
 .text.vPortSetupTimerInterrupt
                0x100049c0       0x34 CMakeFiles/rtos_braille.dir/home/deane/freeRtos/FreeRTOS-Kernel/portable/ThirdParty/GCC/RP2040/port.c.obj
                0x100049c0                vPortSetupTimerInterrupt
 .text.xPortStartSchedulerOnCore.isra.0
                0x100049f4       0xa4 CMakeFiles/rtos_braille.dir/home/deane/freeRtos/FreeRTOS-Kernel/portable/ThirdParty/GCC/RP2040/port.c.obj
 .text.prvDisableInterruptsAndPortStartSchedulerOnCore
                0x10004a98        0xc CMakeFiles/rtos_braille.dir/home/deane/freeRtos/FreeRTOS-Kernel/portable/ThirdParty/GCC/RP2040/port.c.obj
 .text.xPortStartScheduler
                0x10004aa4       0x28 CMakeFiles/rtos_braille.dir/home/deane/freeRtos/FreeRTOS-Kernel/portable/ThirdParty/GCC/RP2040/port.c.obj
                0x10004aa4                xPortStartScheduler
 .text.ulPortLockGetCurrentOwnerId
                0x10004acc       0x30 CMakeFiles/rtos_braille.dir/home/deane/freeRtos/FreeRTOS-Kernel/portable/ThirdParty/GCC/RP2040/port.c.obj
                0x10004acc                ulPortLockGetCurrentOwnerId
 .text.vPortLockInternalSpinUnlockWithWait
                0x10004afc       0x68 CMakeFiles/rtos_braille.dir/home/deane/freeRtos/FreeRTOS-Kernel/portable/ThirdParty/GCC/RP2040/port.c.obj
                0x10004afc                vPortLockInternalSpinUnlockWithWait
 .text.vPortLockInternalSpinUnlockWithNotify
                0x10004b64       0x84 CMakeFiles/rtos_braille.dir/home/deane/freeRtos/FreeRTOS-Kernel/portable/ThirdParty/GCC/RP2040/port.c.obj
                0x10004b64                vPortLockInternalSpinUnlockWithNotify
 .text.xPortLockInternalSpinUnlockWithBestEffortWaitOrTimeout
                0x10004be8       0xec CMakeFiles/rtos_braille.dir/home/deane/freeRtos/FreeRTOS-Kernel/portable/ThirdParty/GCC/RP2040/port.c.obj
                0x10004be8                xPortLockInternalSpinUnlockWithBestEffortWaitOrTimeout
 .text.startup.prvRuntimeInitializer
                0x10004cd4       0x10 CMakeFiles/rtos_braille.dir/home/deane/freeRtos/FreeRTOS-Kernel/portable/ThirdParty/GCC/RP2040/port.c.obj
 .text.vEventGroupSetBitsCallback
                0x10004ce4       0x90 CMakeFiles/rtos_braille.dir/home/deane/freeRtos/FreeRTOS-Kernel/event_groups.c.obj
                0x10004ce4                vEventGroupSetBitsCallback
 .text.xEventGroupCreate
                0x10004d74       0x18 CMakeFiles/rtos_braille.dir/home/deane/freeRtos/FreeRTOS-Kernel/event_groups.c.obj
                0x10004d74                xEventGroupCreate
 .text.xEventGroupWaitBits
                0x10004d8c       0xb8 CMakeFiles/rtos_braille.dir/home/deane/freeRtos/FreeRTOS-Kernel/event_groups.c.obj
                0x10004d8c                xEventGroupWaitBits
 .text.xEventGroupSetBits
                0x10004e44       0x94 CMakeFiles/rtos_braille.dir/home/deane/freeRtos/FreeRTOS-Kernel/event_groups.c.obj
                0x10004e44                xEventGroupSetBits
 .text.xEventGroupSetBitsFromISR
                0x10004ed8       0x18 CMakeFiles/rtos_braille.dir/home/deane/freeRtos/FreeRTOS-Kernel/event_groups.c.obj
                0x10004ed8                xEventGroupSetBitsFromISR
 .text.vListInitialise
                0x10004ef0       0x18 CMakeFiles/rtos_braille.dir/home/deane/freeRtos/FreeRTOS-Kernel/list.c.obj
                0x10004ef0                vListInitialise
 .text.vListInitialiseItem
                0x10004f08        0x8 CMakeFiles/rtos_braille.dir/home/deane/freeRtos/FreeRTOS-Kernel/list.c.obj
                0x10004f08                vListInitialiseItem
 .text.vListInsertEnd
                0x10004f10       0x18 CMakeFiles/rtos_braille.dir/home/deane/freeRtos/FreeRTOS-Kernel/list.c.obj
                0x10004f10                vListInsertEnd
 .text.vListInsert
                0x10004f28       0x30 CMakeFiles/rtos_braille.dir/home/deane/freeRtos/FreeRTOS-Kernel/list.c.obj
                0x10004f28                vListInsert
 .text.uxListRemove
                0x10004f58       0x24 CMakeFiles/rtos_braille.dir/home/deane/freeRtos/FreeRTOS-Kernel/list.c.obj
                0x10004f58                uxListRemove
 .text.prvUnlockQueue
                0x10004f7c      0x180 CMakeFiles/rtos_braille.dir/home/deane/freeRtos/FreeRTOS-Kernel/queue.c.obj
 .text.prvNotifyQueueSetContainer
                0x100050fc       0x88 CMakeFiles/rtos_braille.dir/home/deane/freeRtos/FreeRTOS-Kernel/queue.c.obj
 .text.xQueueGenericCreate
                0x10005184       0x6c CMakeFiles/rtos_braille.dir/home/deane/freeRtos/FreeRTOS-Kernel/queue.c.obj
                0x10005184                xQueueGenericCreate
 .text.xQueueGetMutexHolder
                0x100051f0       0x1c CMakeFiles/rtos_braille.dir/home/deane/freeRtos/FreeRTOS-Kernel/queue.c.obj
                0x100051f0                xQueueGetMutexHolder
 .text.xQueueGenericSend
                0x1000520c      0x1d8 CMakeFiles/rtos_braille.dir/home/deane/freeRtos/FreeRTOS-Kernel/queue.c.obj
                0x1000520c                xQueueGenericSend
 .text.xQueueCreateMutex
                0x100053e4       0x6c CMakeFiles/rtos_braille.dir/home/deane/freeRtos/FreeRTOS-Kernel/queue.c.obj
                0x100053e4                xQueueCreateMutex
 .text.xQueueGiveMutexRecursive
                0x10005450       0x34 CMakeFiles/rtos_braille.dir/home/deane/freeRtos/FreeRTOS-Kernel/queue.c.obj
                0x10005450                xQueueGiveMutexRecursive
 .text.xQueueGenericSendFromISR
                0x10005484      0x12c CMakeFiles/rtos_braille.dir/home/deane/freeRtos/FreeRTOS-Kernel/queue.c.obj
                0x10005484                xQueueGenericSendFromISR
 .text.xQueueGiveFromISR
                0x100055b0       0x6c CMakeFiles/rtos_braille.dir/home/deane/freeRtos/FreeRTOS-Kernel/queue.c.obj
                0x100055b0                xQueueGiveFromISR
 .text.xQueueReceive
                0x1000561c      0x11c CMakeFiles/rtos_braille.dir/home/deane/freeRtos/FreeRTOS-Kernel/queue.c.obj
                0x1000561c                xQueueReceive
 .text.xQueueSemaphoreTake
                0x10005738      0x14c CMakeFiles/rtos_braille.dir/home/deane/freeRtos/FreeRTOS-Kernel/queue.c.obj
                0x10005738                xQueueSemaphoreTake
 .text.xQueueTakeMutexRecursive
                0x10005884       0x30 CMakeFiles/rtos_braille.dir/home/deane/freeRtos/FreeRTOS-Kernel/queue.c.obj
                0x10005884                xQueueTakeMutexRecursive
 .text.vQueueDelete
                0x100058b4       0x6c CMakeFiles/rtos_braille.dir/home/deane/freeRtos/FreeRTOS-Kernel/queue.c.obj
                0x100058b4                vQueueDelete
 .text.vQueueAddToRegistry
                0x10005920       0x60 CMakeFiles/rtos_braille.dir/home/deane/freeRtos/FreeRTOS-Kernel/queue.c.obj
                0x10005920                vQueueAddToRegistry
 .text.vQueueWaitForMessageRestricted
                0x10005980       0x48 CMakeFiles/rtos_braille.dir/home/deane/freeRtos/FreeRTOS-Kernel/queue.c.obj
                0x10005980                vQueueWaitForMessageRestricted
 .text.prvMinimalIdleTask
                0x100059c8       0x18 CMakeFiles/rtos_braille.dir/home/deane/freeRtos/FreeRTOS-Kernel/tasks.c.obj
 .text.prvAddCurrentTaskToDelayedList
                0x100059e0       0xe0 CMakeFiles/rtos_braille.dir/home/deane/freeRtos/FreeRTOS-Kernel/tasks.c.obj
 .text.prvCheckForRunStateChange.part.0
                0x10005ac0      0x194 CMakeFiles/rtos_braille.dir/home/deane/freeRtos/FreeRTOS-Kernel/tasks.c.obj
 .text.vTaskSuspendAll.part.0
                0x10005c54       0xf0 CMakeFiles/rtos_braille.dir/home/deane/freeRtos/FreeRTOS-Kernel/tasks.c.obj
 .text.prvYieldForTask
                0x10005d44       0xe0 CMakeFiles/rtos_braille.dir/home/deane/freeRtos/FreeRTOS-Kernel/tasks.c.obj
 .text.vTaskCoreAffinitySet
                0x10005e24      0x28c CMakeFiles/rtos_braille.dir/home/deane/freeRtos/FreeRTOS-Kernel/tasks.c.obj
                0x10005e24                vTaskCoreAffinitySet
 .text.vTaskSuspendAll
                0x100060b0      0x100 CMakeFiles/rtos_braille.dir/home/deane/freeRtos/FreeRTOS-Kernel/tasks.c.obj
                0x100060b0                vTaskSuspendAll
 .text.xTaskGetTickCount
                0x100061b0        0xc CMakeFiles/rtos_braille.dir/home/deane/freeRtos/FreeRTOS-Kernel/tasks.c.obj
                0x100061b0                xTaskGetTickCount
 .text.vTaskSwitchContext
                0x100061bc      0x340 CMakeFiles/rtos_braille.dir/home/deane/freeRtos/FreeRTOS-Kernel/tasks.c.obj
                0x100061bc                vTaskSwitchContext
 .text.vTaskPlaceOnEventList
                0x100064fc       0xe0 CMakeFiles/rtos_braille.dir/home/deane/freeRtos/FreeRTOS-Kernel/tasks.c.obj
                0x100064fc                vTaskPlaceOnEventList
 .text.vTaskPlaceOnUnorderedEventList
                0x100065dc       0x48 CMakeFiles/rtos_braille.dir/home/deane/freeRtos/FreeRTOS-Kernel/tasks.c.obj
                0x100065dc                vTaskPlaceOnUnorderedEventList
 .text.vTaskPlaceOnEventListRestricted
                0x10006624      0x100 CMakeFiles/rtos_braille.dir/home/deane/freeRtos/FreeRTOS-Kernel/tasks.c.obj
                0x10006624                vTaskPlaceOnEventListRestricted
 .text.xTaskRemoveFromEventList
                0x10006724      0x154 CMakeFiles/rtos_braille.dir/home/deane/freeRtos/FreeRTOS-Kernel/tasks.c.obj
                0x10006724                xTaskRemoveFromEventList
 .text.vTaskInternalSetTimeOutState
                0x10006878       0x18 CMakeFiles/rtos_braille.dir/home/deane/freeRtos/FreeRTOS-Kernel/tasks.c.obj
                0x10006878                vTaskInternalSetTimeOutState
 .text.xTaskCheckForTimeOut
                0x10006890      0x280 CMakeFiles/rtos_braille.dir/home/deane/freeRtos/FreeRTOS-Kernel/tasks.c.obj
                0x10006890                xTaskCheckForTimeOut
 .text.vTaskMissedYield
                0x10006b10       0x14 CMakeFiles/rtos_braille.dir/home/deane/freeRtos/FreeRTOS-Kernel/tasks.c.obj
                0x10006b10                vTaskMissedYield
 .text.xTaskGetCurrentTaskHandle
                0x10006b24       0x1c CMakeFiles/rtos_braille.dir/home/deane/freeRtos/FreeRTOS-Kernel/tasks.c.obj
                0x10006b24                xTaskGetCurrentTaskHandle
 .text.xTaskGetSchedulerState
                0x10006b40      0x1ec CMakeFiles/rtos_braille.dir/home/deane/freeRtos/FreeRTOS-Kernel/tasks.c.obj
                0x10006b40                xTaskGetSchedulerState
 .text.xTaskPriorityInherit
                0x10006d2c       0xdc CMakeFiles/rtos_braille.dir/home/deane/freeRtos/FreeRTOS-Kernel/tasks.c.obj
                0x10006d2c                xTaskPriorityInherit
 .text.xTaskPriorityDisinherit
                0x10006e08       0x58 CMakeFiles/rtos_braille.dir/home/deane/freeRtos/FreeRTOS-Kernel/tasks.c.obj
                0x10006e08                xTaskPriorityDisinherit
 .text.vTaskPriorityDisinheritAfterTimeout
                0x10006e60       0x70 CMakeFiles/rtos_braille.dir/home/deane/freeRtos/FreeRTOS-Kernel/tasks.c.obj
                0x10006e60                vTaskPriorityDisinheritAfterTimeout
 .text.vTaskYieldWithinAPI
                0x10006ed0       0x34 CMakeFiles/rtos_braille.dir/home/deane/freeRtos/FreeRTOS-Kernel/tasks.c.obj
                0x10006ed0                vTaskYieldWithinAPI
 .text.vTaskEnterCritical
                0x10006f04      0x10c CMakeFiles/rtos_braille.dir/home/deane/freeRtos/FreeRTOS-Kernel/tasks.c.obj
                0x10006f04                vTaskEnterCritical
 .text.vTaskExitCritical
                0x10007010       0xe4 CMakeFiles/rtos_braille.dir/home/deane/freeRtos/FreeRTOS-Kernel/tasks.c.obj
                0x10007010                vTaskExitCritical
 .text.prvIdleTask
                0x100070f4      0x188 CMakeFiles/rtos_braille.dir/home/deane/freeRtos/FreeRTOS-Kernel/tasks.c.obj
 .text.xTaskCreateAffinitySet
                0x1000727c      0x290 CMakeFiles/rtos_braille.dir/home/deane/freeRtos/FreeRTOS-Kernel/tasks.c.obj
                0x1000727c                xTaskCreateAffinitySet
 .text.xTaskCreate
                0x1000750c       0x1c CMakeFiles/rtos_braille.dir/home/deane/freeRtos/FreeRTOS-Kernel/tasks.c.obj
                0x1000750c                xTaskCreate
 .text.vTaskStartScheduler
                0x10007528       0x94 CMakeFiles/rtos_braille.dir/home/deane/freeRtos/FreeRTOS-Kernel/tasks.c.obj
                0x10007528                vTaskStartScheduler
 .text.vTaskDelete
                0x100075bc      0x118 CMakeFiles/rtos_braille.dir/home/deane/freeRtos/FreeRTOS-Kernel/tasks.c.obj
                0x100075bc                vTaskDelete
 .text.xTaskIncrementTick
                0x100076d4      0x218 CMakeFiles/rtos_braille.dir/home/deane/freeRtos/FreeRTOS-Kernel/tasks.c.obj
                0x100076d4                xTaskIncrementTick
 .text.xTaskResumeAll.part.0
                0x100078ec      0x118 CMakeFiles/rtos_braille.dir/home/deane/freeRtos/FreeRTOS-Kernel/tasks.c.obj
 .text.xTaskResumeAll
                0x10007a04       0x18 CMakeFiles/rtos_braille.dir/home/deane/freeRtos/FreeRTOS-Kernel/tasks.c.obj
                0x10007a04                xTaskResumeAll
 .text.vTaskDelay
                0x10007a1c       0x70 CMakeFiles/rtos_braille.dir/home/deane/freeRtos/FreeRTOS-Kernel/tasks.c.obj
                0x10007a1c                vTaskDelay
 .text.vTaskRemoveFromUnorderedEventList
                0x10007a8c       0x50 CMakeFiles/rtos_braille.dir/home/deane/freeRtos/FreeRTOS-Kernel/tasks.c.obj
                0x10007a8c                vTaskRemoveFromUnorderedEventList
 .text.uxTaskResetEventItemValue
                0x10007adc       0x48 CMakeFiles/rtos_braille.dir/home/deane/freeRtos/FreeRTOS-Kernel/tasks.c.obj
                0x10007adc                uxTaskResetEventItemValue
 .text.pvTaskIncrementMutexHeldCount
                0x10007b24       0x4c CMakeFiles/rtos_braille.dir/home/deane/freeRtos/FreeRTOS-Kernel/tasks.c.obj
                0x10007b24                pvTaskIncrementMutexHeldCount
 .text.ulTaskGenericNotifyTake
                0x10007b70      0x110 CMakeFiles/rtos_braille.dir/home/deane/freeRtos/FreeRTOS-Kernel/tasks.c.obj
                0x10007b70                ulTaskGenericNotifyTake
 .text.xTaskGenericNotify
                0x10007c80      0x2dc CMakeFiles/rtos_braille.dir/home/deane/freeRtos/FreeRTOS-Kernel/tasks.c.obj
                0x10007c80                xTaskGenericNotify
 .text.vTaskGenericNotifyGiveFromISR
                0x10007f5c      0x2c4 CMakeFiles/rtos_braille.dir/home/deane/freeRtos/FreeRTOS-Kernel/tasks.c.obj
                0x10007f5c                vTaskGenericNotifyGiveFromISR
 .text.prvSwitchTimerLists
                0x10008220       0x94 CMakeFiles/rtos_braille.dir/home/deane/freeRtos/FreeRTOS-Kernel/timers.c.obj
 .text.prvTimerTask
                0x100082b4      0x24c CMakeFiles/rtos_braille.dir/home/deane/freeRtos/FreeRTOS-Kernel/timers.c.obj
 .text.xTimerCreateTimerTask
                0x10008500       0x8c CMakeFiles/rtos_braille.dir/home/deane/freeRtos/FreeRTOS-Kernel/timers.c.obj
                0x10008500                xTimerCreateTimerTask
 .text.xTimerCreate
                0x1000858c       0xb8 CMakeFiles/rtos_braille.dir/home/deane/freeRtos/FreeRTOS-Kernel/timers.c.obj
                0x1000858c                xTimerCreate
 .text.xTimerGenericCommandFromTask
                0x10008644       0x44 CMakeFiles/rtos_braille.dir/home/deane/freeRtos/FreeRTOS-Kernel/timers.c.obj
                0x10008644                xTimerGenericCommandFromTask
 .text.pvTimerGetTimerID
                0x10008688       0x14 CMakeFiles/rtos_braille.dir/home/deane/freeRtos/FreeRTOS-Kernel/timers.c.obj
                0x10008688                pvTimerGetTimerID
 .text.xTimerPendFunctionCallFromISR
                0x1000869c       0x28 CMakeFiles/rtos_braille.dir/home/deane/freeRtos/FreeRTOS-Kernel/timers.c.obj
                0x1000869c                xTimerPendFunctionCallFromISR
 .text.exception_set_exclusive_handler
                0x100086c4       0x48 CMakeFiles/rtos_braille.dir/home/deane/pico/pico-sdk/src/rp2_common/hardware_exception/exception.c.obj
                0x100086c4                exception_set_exclusive_handler
 .text.core1_trampoline
                0x1000870c        0x4 CMakeFiles/rtos_braille.dir/home/deane/pico/pico-sdk/src/rp2_common/pico_multicore/multicore.c.obj
 .text.core1_wrapper
                0x10008710        0xc CMakeFiles/rtos_braille.dir/home/deane/pico/pico-sdk/src/rp2_common/pico_multicore/multicore.c.obj
                0x10008710                core1_wrapper
 .text.multicore_launch_core1_raw
                0x1000871c       0x84 CMakeFiles/rtos_braille.dir/home/deane/pico/pico-sdk/src/rp2_common/pico_multicore/multicore.c.obj
                0x1000871c                multicore_launch_core1_raw
 .text.multicore_launch_core1
                0x100087a0       0x58 CMakeFiles/rtos_braille.dir/home/deane/pico/pico-sdk/src/rp2_common/pico_multicore/multicore.c.obj
                0x100087a0                multicore_launch_core1
 .text.pvPortMalloc
                0x100087f8      0x17c CMakeFiles/rtos_braille.dir/home/deane/freeRtos/FreeRTOS-Kernel/portable/MemMang/heap_4.c.obj
                0x100087f8                pvPortMalloc
 .text.vPortFree
                0x10008974       0x9c CMakeFiles/rtos_braille.dir/home/deane/freeRtos/FreeRTOS-Kernel/portable/MemMang/heap_4.c.obj
                0x10008974                vPortFree
 .text.end_task_func
                0x10008a10        0xc CMakeFiles/rtos_braille.dir/home/deane/pico/pico-sdk/src/rp2_common/pico_async_context/async_context_freertos.c.obj
 .text.async_context_freertos_lock_check
                0x10008a1c        0x4 CMakeFiles/rtos_braille.dir/home/deane/pico/pico-sdk/src/rp2_common/pico_async_context/async_context_freertos.c.obj
 .text.async_context_freertos_acquire_lock_blocking
                0x10008a20       0x18 CMakeFiles/rtos_braille.dir/home/deane/pico/pico-sdk/src/rp2_common/pico_async_context/async_context_freertos.c.obj
 .text.handle_sync_func_call
                0x10008a38       0x28 CMakeFiles/rtos_braille.dir/home/deane/pico/pico-sdk/src/rp2_common/pico_async_context/async_context_freertos.c.obj
 .text.async_context_freertos_wait_for_work_until
                0x10008a60       0x7c CMakeFiles/rtos_braille.dir/home/deane/pico/pico-sdk/src/rp2_common/pico_async_context/async_context_freertos.c.obj
 .text.async_context_freertos_wait_until
                0x10008adc       0x48 CMakeFiles/rtos_braille.dir/home/deane/pico/pico-sdk/src/rp2_common/pico_async_context/async_context_freertos.c.obj
 .text.async_context_freertos_deinit
                0x10008b24       0x50 CMakeFiles/rtos_braille.dir/home/deane/pico/pico-sdk/src/rp2_common/pico_async_context/async_context_freertos.c.obj
                0x10008b24                async_context_freertos_deinit
 .text.async_context_freertos_execute_sync
                0x10008b74       0x64 CMakeFiles/rtos_braille.dir/home/deane/pico/pico-sdk/src/rp2_common/pico_async_context/async_context_freertos.c.obj
                0x10008b74                async_context_freertos_execute_sync
 .text.async_context_freertos_set_work_pending
                0x10008bd8       0x54 CMakeFiles/rtos_braille.dir/home/deane/pico/pico-sdk/src/rp2_common/pico_async_context/async_context_freertos.c.obj
 .text.timer_handler
                0x10008c2c       0x54 CMakeFiles/rtos_braille.dir/home/deane/pico/pico-sdk/src/rp2_common/pico_async_context/async_context_freertos.c.obj
 .text.async_context_task
                0x10008c80      0x1a0 CMakeFiles/rtos_braille.dir/home/deane/pico/pico-sdk/src/rp2_common/pico_async_context/async_context_freertos.c.obj
 .text.async_context_freertos_remove_when_pending_worker
                0x10008e20      0x120 CMakeFiles/rtos_braille.dir/home/deane/pico/pico-sdk/src/rp2_common/pico_async_context/async_context_freertos.c.obj
 .text.async_context_freertos_release_lock
                0x10008f40      0x100 CMakeFiles/rtos_braille.dir/home/deane/pico/pico-sdk/src/rp2_common/pico_async_context/async_context_freertos.c.obj
 .text.async_context_freertos_add_at_time_worker
                0x10009040      0x120 CMakeFiles/rtos_braille.dir/home/deane/pico/pico-sdk/src/rp2_common/pico_async_context/async_context_freertos.c.obj
 .text.async_context_freertos_add_when_pending_worker
                0x10009160      0x120 CMakeFiles/rtos_braille.dir/home/deane/pico/pico-sdk/src/rp2_common/pico_async_context/async_context_freertos.c.obj
 .text.async_context_freertos_remove_at_time_worker
                0x10009280      0x120 CMakeFiles/rtos_braille.dir/home/deane/pico/pico-sdk/src/rp2_common/pico_async_context/async_context_freertos.c.obj
 .text.async_context_freertos_init
                0x100093a0       0xb0 CMakeFiles/rtos_braille.dir/home/deane/pico/pico-sdk/src/rp2_common/pico_async_context/async_context_freertos.c.obj
                0x100093a0                async_context_freertos_init
 .text.async_context_base_add_at_time_worker
                0x10009450       0x24 CMakeFiles/rtos_braille.dir/home/deane/pico/pico-sdk/src/rp2_common/pico_async_context/async_context_base.c.obj
                0x10009450                async_context_base_add_at_time_worker
 .text.async_context_base_remove_at_time_worker
                0x10009474       0x28 CMakeFiles/rtos_braille.dir/home/deane/pico/pico-sdk/src/rp2_common/pico_async_context/async_context_base.c.obj
                0x10009474                async_context_base_remove_at_time_worker
 .text.async_context_base_add_when_pending_worker
                0x1000949c       0x24 CMakeFiles/rtos_braille.dir/home/deane/pico/pico-sdk/src/rp2_common/pico_async_context/async_context_base.c.obj
                0x1000949c                async_context_base_add_when_pending_worker
 .text.async_context_base_remove_when_pending_worker
                0x100094c0       0x28 CMakeFiles/rtos_braille.dir/home/deane/pico/pico-sdk/src/rp2_common/pico_async_context/async_context_base.c.obj
                0x100094c0                async_context_base_remove_when_pending_worker
 .text.async_context_base_execute_once
                0x100094e8      0x108 CMakeFiles/rtos_braille.dir/home/deane/pico/pico-sdk/src/rp2_common/pico_async_context/async_context_base.c.obj
                0x100094e8                async_context_base_execute_once
 .text          0x100095f0       0x10 /usr/lib/gcc/arm-none-eabi/13.2.1/../../../arm-none-eabi/lib/thumb/v6-m/nofp/libg.a(libc_a-atexit.o)
                0x100095f0                atexit
 .text          0x10009600       0x5c /usr/lib/gcc/arm-none-eabi/13.2.1/../../../arm-none-eabi/lib/thumb/v6-m/nofp/libg.a(libc_a-strlen-stub.o)
                0x10009600                strlen
 .text          0x1000965c       0x28 /usr/lib/gcc/arm-none-eabi/13.2.1/../../../arm-none-eabi/lib/thumb/v6-m/nofp/libg.a(libc_a-fini.o)
                0x1000965c                __libc_fini_array
 .text          0x10009684       0x78 /usr/lib/gcc/arm-none-eabi/13.2.1/../../../arm-none-eabi/lib/thumb/v6-m/nofp/libg.a(libc_a-__atexit.o)
                0x10009684                __register_exitproc
 .text.startup  0x100096fc       0x18 /usr/lib/gcc/arm-none-eabi/13.2.1/../../../arm-none-eabi/lib/thumb/v6-m/nofp/libg.a(libc_a-__call_atexit.o)
 *(.fini)
 .fini          0x10009714        0x4 /usr/lib/gcc/arm-none-eabi/13.2.1/thumb/v6-m/nofp/crti.o
                0x10009714                _fini
 .fini.__stub   0x10009718       0x60 linker stubs
 *crtbegin.o(.ctors)
 *crtbegin?.o(.ctors)
 *(EXCLUDE_FILE(*crtend.o *crtend?.o) .ctors)
 *(SORT_BY_NAME(.ctors.*))
 *(.ctors)
 *crtbegin.o(.dtors)
 *crtbegin?.o(.dtors)
 *(EXCLUDE_FILE(*crtend.o *crtend?.o) .dtors)
 *(SORT_BY_NAME(.dtors.*))
 *(.dtors)
                0x10009778                        . = ALIGN (0x4)
                0x10009778                        PROVIDE (__preinit_array_start = .)
 *(SORT_BY_NAME(.preinit_array.*))
 .preinit_array.00100
                0x10009778        0x4 CMakeFiles/rtos_braille.dir/home/deane/pico/pico-sdk/src/rp2_common/pico_runtime_init/runtime_init.c.obj
                0x10009778                __pre_init_runtime_init_early_resets
 .preinit_array.00101
                0x1000977c        0x4 CMakeFiles/rtos_braille.dir/home/deane/pico/pico-sdk/src/rp2_common/pico_runtime_init/runtime_init.c.obj
                0x1000977c                __pre_init_runtime_init_usb_power_down
 .preinit_array.00275
                0x10009780        0x4 CMakeFiles/rtos_braille.dir/home/deane/pico/pico-sdk/src/rp2_common/pico_bit_ops/bit_ops_aeabi.S.obj
 .preinit_array.00300
                0x10009784        0x4 CMakeFiles/rtos_braille.dir/home/deane/pico/pico-sdk/src/rp2_common/pico_mem_ops/mem_ops_aeabi.S.obj
 .preinit_array.00350
                0x10009788        0x4 CMakeFiles/rtos_braille.dir/home/deane/pico/pico-sdk/src/rp2_common/pico_double/double_aeabi_rp2040.S.obj
 .preinit_array.00350
                0x1000978c        0x4 CMakeFiles/rtos_braille.dir/home/deane/pico/pico-sdk/src/rp2_common/pico_float/float_aeabi_rp2040.S.obj
 .preinit_array.00500
                0x10009790        0x4 CMakeFiles/rtos_braille.dir/home/deane/pico/pico-sdk/src/rp2_common/pico_runtime_init/runtime_init.c.obj
                0x10009790                __pre_init_runtime_init_clocks
 .preinit_array.00600
                0x10009794        0x4 CMakeFiles/rtos_braille.dir/home/deane/pico/pico-sdk/src/rp2_common/pico_runtime_init/runtime_init.c.obj
                0x10009794                __pre_init_runtime_init_post_clock_resets
 .preinit_array.00700
                0x10009798        0x4 CMakeFiles/rtos_braille.dir/home/deane/pico/pico-sdk/src/rp2_common/pico_runtime_init/runtime_init.c.obj
                0x10009798                __pre_init_runtime_init_rp2040_gpio_ie_disable
 .preinit_array.01000
                0x1000979c        0x4 CMakeFiles/rtos_braille.dir/home/deane/pico/pico-sdk/src/rp2_common/pico_runtime_init/runtime_init.c.obj
                0x1000979c                __pre_init_runtime_init_spin_locks_reset
 .preinit_array.01100
                0x100097a0        0x4 CMakeFiles/rtos_braille.dir/home/deane/pico/pico-sdk/src/common/pico_sync/mutex.c.obj
                0x100097a0                __pre_init_runtime_init_mutex
 .preinit_array.10080
                0x100097a4        0x4 CMakeFiles/rtos_braille.dir/home/deane/pico/pico-sdk/src/rp2_common/pico_runtime_init/runtime_init.c.obj
                0x100097a4                __pre_init_runtime_init_install_ram_vector_table
 .preinit_array.11000
                0x100097a8        0x4 CMakeFiles/rtos_braille.dir/home/deane/pico/pico-sdk/src/common/pico_time/time.c.obj
                0x100097a8                __pre_init_runtime_init_default_alarm_pool
 .preinit_array.YYYYY
                0x100097ac        0x4 CMakeFiles/rtos_braille.dir/home/deane/pico/pico-sdk/src/rp2_common/pico_runtime/runtime.c.obj
                0x100097ac                __pre_init_first_per_core_initializer
 .preinit_array.ZZZZZ.01200
                0x100097b0        0x4 CMakeFiles/rtos_braille.dir/home/deane/pico/pico-sdk/src/rp2_common/hardware_irq/irq.c.obj
                0x100097b0                __pre_init_runtime_init_per_core_irq_priorities
 *(.preinit_array)
                0x100097b4                        PROVIDE (__preinit_array_end = .)
                0x100097b4                        . = ALIGN (0x4)
                0x100097b4                        PROVIDE (__init_array_start = .)
 *(SORT_BY_NAME(.init_array.*))
 .init_array.00000
                0x100097b4        0x4 /usr/lib/gcc/arm-none-eabi/13.2.1/../../../arm-none-eabi/lib/thumb/v6-m/nofp/libg.a(libc_a-__call_atexit.o)
 *(.init_array)
 .init_array    0x100097b8        0x4 /usr/lib/gcc/arm-none-eabi/13.2.1/thumb/v6-m/nofp/crtbegin.o
 .init_array    0x100097bc        0x4 CMakeFiles/rtos_braille.dir/home/deane/freeRtos/FreeRTOS-Kernel/portable/ThirdParty/GCC/RP2040/port.c.obj
                0x100097c0                        PROVIDE (__init_array_end = .)
                0x100097c0                        . = ALIGN (0x4)
                0x100097c0                        PROVIDE (__fini_array_start = .)
 *(SORT_BY_NAME(.fini_array.*))
 *(.fini_array)
                0x100097c0                        PROVIDE (__fini_array_end = .)
 *(.eh_frame*)
 .eh_frame      0x100097c0        0x0 /usr/lib/gcc/arm-none-eabi/13.2.1/thumb/v6-m/nofp/crtbegin.o
                0x100097c0                        . = ALIGN (0x4)

.glue_7         0x100097c0        0x0
 .glue_7        0x100097c0        0x0 linker stubs

.glue_7t        0x100097c0        0x0
 .glue_7t       0x100097c0        0x0 linker stubs

.vfp11_veneer   0x100097c0        0x0
 .vfp11_veneer  0x100097c0        0x0 linker stubs

.v4_bx          0x100097c0        0x0
 .v4_bx         0x100097c0        0x0 linker stubs

.iplt           0x100097c0        0x0
 .iplt          0x100097c0        0x0 /usr/lib/gcc/arm-none-eabi/13.2.1/thumb/v6-m/nofp/crtbegin.o

.rodata         0x100097c0      0x54c
 *(EXCLUDE_FILE(*libm.a: *libc.a:*lib_a-mem*.o *libgcc.a:) .rodata*)
 .rodata.printbuf.str1.4
                0x100097c0      0x26f CMakeFiles/rtos_braille.dir/spi_braille.c.obj
                                  0x6 (size before relaxing)
 .rodata.process_buffer.str1.4
                0x10009a2f       0x6c CMakeFiles/rtos_braille.dir/spi_braille.c.obj
 .rodata.init_spi.str1.4
                0x10009a2f       0x10 CMakeFiles/rtos_braille.dir/spi_braille.c.obj
 *fill*         0x10009a2f        0x1 
 .rodata.__bi_110.0
                0x10009a30        0x8 CMakeFiles/rtos_braille.dir/spi_braille.c.obj
 .rodata.blink_task.str1.4
                0x10009a38       0x2e CMakeFiles/rtos_braille.dir/rtos_braille.c.obj
 .rodata.main_task.str1.4
                0x10009a38       0x25 CMakeFiles/rtos_braille.dir/rtos_braille.c.obj
 .rodata.do_work.str1.4
                0x10009a38       0x32 CMakeFiles/rtos_braille.dir/rtos_braille.c.obj
 .rodata.vLaunch.str1.4
                0x10009a38        0xb CMakeFiles/rtos_braille.dir/rtos_braille.c.obj
 .rodata.main.str1.4
                0x10009a38       0x2c CMakeFiles/rtos_braille.dir/rtos_braille.c.obj
 .rodata        0x10009a38        0xc CMakeFiles/rtos_braille.dir/rtos_braille.c.obj
 .rodata.panic.str1.4
                0x10009a44       0x12 CMakeFiles/rtos_braille.dir/home/deane/pico/pico-sdk/src/rp2_common/pico_platform_panic/panic.c.obj
 .rodata.panic_unsupported.str1.4
                0x10009a44        0xe CMakeFiles/rtos_braille.dir/home/deane/pico/pico-sdk/src/rp2_common/pico_platform_panic/panic.c.obj
 .rodata.spin_lock_claim.str1.4
                0x10009a44       0x1f CMakeFiles/rtos_braille.dir/home/deane/pico/pico-sdk/src/rp2_common/hardware_sync/sync.c.obj
 *fill*         0x10009a44        0x4 
 .rodata.at_the_end_of_time
                0x10009a48        0x8 CMakeFiles/rtos_braille.dir/home/deane/pico/pico-sdk/src/common/pico_time/time.c.obj
                0x10009a48                at_the_end_of_time
 .rodata.timer_hardware_alarm_claim.str1.4
                0x10009a50       0x22 CMakeFiles/rtos_braille.dir/home/deane/pico/pico-sdk/src/rp2_common/hardware_timer/timer.c.obj
 .rodata.hard_assertion_failure.str1.4
                0x10009a50        0xc CMakeFiles/rtos_braille.dir/home/deane/pico/pico-sdk/src/rp2_common/pico_runtime/runtime.c.obj
 .rodata.str1.4
                0x10009a50       0x34 CMakeFiles/rtos_braille.dir/home/deane/pico/pico-sdk/src/rp2_common/pico_standard_binary_info/standard_binary_info.c.obj
 .rodata.__bi_84
                0x10009a50        0xc CMakeFiles/rtos_braille.dir/home/deane/pico/pico-sdk/src/rp2_common/pico_standard_binary_info/standard_binary_info.c.obj
 .rodata.__bi_54
                0x10009a5c        0xc CMakeFiles/rtos_braille.dir/home/deane/pico/pico-sdk/src/rp2_common/pico_standard_binary_info/standard_binary_info.c.obj
 .rodata.__bi_48
                0x10009a68        0xc CMakeFiles/rtos_braille.dir/home/deane/pico/pico-sdk/src/rp2_common/pico_standard_binary_info/standard_binary_info.c.obj
 .rodata.__bi_42
                0x10009a74        0xc CMakeFiles/rtos_braille.dir/home/deane/pico/pico-sdk/src/rp2_common/pico_standard_binary_info/standard_binary_info.c.obj
 .rodata.__bi_34
                0x10009a80        0xc CMakeFiles/rtos_braille.dir/home/deane/pico/pico-sdk/src/rp2_common/pico_standard_binary_info/standard_binary_info.c.obj
 .rodata.__bi_26
                0x10009a8c        0xc CMakeFiles/rtos_braille.dir/home/deane/pico/pico-sdk/src/rp2_common/pico_standard_binary_info/standard_binary_info.c.obj
 .rodata._ftoa.str1.4
                0x10009a98       0x15 CMakeFiles/rtos_braille.dir/home/deane/pico/pico-sdk/src/rp2_common/pico_printf/printf.c.obj
 .rodata._vsnprintf
                0x10009a98      0x19c CMakeFiles/rtos_braille.dir/home/deane/pico/pico-sdk/src/rp2_common/pico_printf/printf.c.obj
 *fill*         0x10009c34        0x4 
 .rodata.pow10.0
                0x10009c38       0x50 CMakeFiles/rtos_braille.dir/home/deane/pico/pico-sdk/src/rp2_common/pico_printf/printf.c.obj
 .rodata.crlf_str.0
                0x10009c88        0x2 CMakeFiles/rtos_braille.dir/home/deane/pico/pico-sdk/src/rp2_common/pico_stdio/stdio.c.obj
 .rodata.str1.4
                0x10009c8a       0x2c CMakeFiles/rtos_braille.dir/home/deane/pico/pico-sdk/src/rp2_common/pico_stdio_uart/stdio_uart.c.obj
 *fill*         0x10009c8a        0x2 
 .rodata.__bi_45.4
                0x10009c8c        0xc CMakeFiles/rtos_braille.dir/home/deane/pico/pico-sdk/src/rp2_common/pico_stdio_uart/stdio_uart.c.obj
 .rodata.__bi_49.5
                0x10009c98        0x8 CMakeFiles/rtos_braille.dir/home/deane/pico/pico-sdk/src/rp2_common/pico_stdio_uart/stdio_uart.c.obj
 .rodata.__bi_50.6
                0x10009ca0        0x8 CMakeFiles/rtos_braille.dir/home/deane/pico/pico-sdk/src/rp2_common/pico_stdio_uart/stdio_uart.c.obj
 .rodata.uxTopUsedPriority
                0x10009ca8        0x4 CMakeFiles/rtos_braille.dir/home/deane/freeRtos/FreeRTOS-Kernel/tasks.c.obj
                0x10009ca8                uxTopUsedPriority
 .rodata.prvTimerTask
                0x10009cac       0x28 CMakeFiles/rtos_braille.dir/home/deane/freeRtos/FreeRTOS-Kernel/timers.c.obj
 .rodata.xTimerCreateTimerTask.str1.4
                0x10009cd4       0x10 CMakeFiles/rtos_braille.dir/home/deane/freeRtos/FreeRTOS-Kernel/timers.c.obj
 .rodata.async_context_freertos_init.str1.4
                0x10009cd4       0x27 CMakeFiles/rtos_braille.dir/home/deane/pico/pico-sdk/src/rp2_common/pico_async_context/async_context_freertos.c.obj
 .rodata.template
                0x10009cd4       0x38 CMakeFiles/rtos_braille.dir/home/deane/pico/pico-sdk/src/rp2_common/pico_async_context/async_context_freertos.c.obj
                0x10009d0c                        . = ALIGN (0x4)
 *(SORT_BY_ALIGNMENT(SORT_BY_NAME(.flashdata*)))
                0x10009d0c                        . = ALIGN (0x4)

.ARM.extab
 *(.ARM.extab* .gnu.linkonce.armextab.*)
                0x10009d0c                        __exidx_start = .

.ARM.exidx
 *(.ARM.exidx* .gnu.linkonce.armexidx.*)
                0x10009d0c                        __exidx_end = .
                0x10009d0c                        . = ALIGN (0x4)
                0x10009d0c                        __binary_info_start = .

.binary_info    0x10009d0c       0x28
 *(.binary_info.keep.*)
 .binary_info.keep.__bi_ptr110
                0x10009d0c        0x4 CMakeFiles/rtos_braille.dir/spi_braille.c.obj
 .binary_info.keep.__bi_ptr84
                0x10009d10        0x4 CMakeFiles/rtos_braille.dir/home/deane/pico/pico-sdk/src/rp2_common/pico_standard_binary_info/standard_binary_info.c.obj
 .binary_info.keep.__bi_ptr54
                0x10009d14        0x4 CMakeFiles/rtos_braille.dir/home/deane/pico/pico-sdk/src/rp2_common/pico_standard_binary_info/standard_binary_info.c.obj
 .binary_info.keep.__bi_ptr48
                0x10009d18        0x4 CMakeFiles/rtos_braille.dir/home/deane/pico/pico-sdk/src/rp2_common/pico_standard_binary_info/standard_binary_info.c.obj
 .binary_info.keep.__bi_ptr42
                0x10009d1c        0x4 CMakeFiles/rtos_braille.dir/home/deane/pico/pico-sdk/src/rp2_common/pico_standard_binary_info/standard_binary_info.c.obj
 .binary_info.keep.__bi_ptr34
                0x10009d20        0x4 CMakeFiles/rtos_braille.dir/home/deane/pico/pico-sdk/src/rp2_common/pico_standard_binary_info/standard_binary_info.c.obj
 .binary_info.keep.__bi_ptr26
                0x10009d24        0x4 CMakeFiles/rtos_braille.dir/home/deane/pico/pico-sdk/src/rp2_common/pico_standard_binary_info/standard_binary_info.c.obj
 *(.binary_info.*)
 .binary_info.__bi_ptr50
                0x10009d28        0x4 CMakeFiles/rtos_braille.dir/home/deane/pico/pico-sdk/src/rp2_common/pico_stdio_uart/stdio_uart.c.obj
 .binary_info.__bi_ptr49
                0x10009d2c        0x4 CMakeFiles/rtos_braille.dir/home/deane/pico/pico-sdk/src/rp2_common/pico_stdio_uart/stdio_uart.c.obj
 .binary_info.__bi_ptr45
                0x10009d30        0x4 CMakeFiles/rtos_braille.dir/home/deane/pico/pico-sdk/src/rp2_common/pico_stdio_uart/stdio_uart.c.obj
                0x10009d34                        __binary_info_end = .

.rel.dyn        0x10009d34        0x0
 .rel.iplt      0x10009d34        0x0 /usr/lib/gcc/arm-none-eabi/13.2.1/thumb/v6-m/nofp/crtbegin.o
                0x10009d34                        . = ALIGN (0x4)

.ram_vector_table
                0x20000000       0xc0
 *(.ram_vector_table)
 .ram_vector_table
                0x20000000       0xc0 CMakeFiles/rtos_braille.dir/home/deane/pico/pico-sdk/src/rp2_common/pico_runtime_init/runtime_init.c.obj
                0x20000000                ram_vector_table

.uninitialized_data
                0x200000c0        0x0
                0x200000c0                        . = ALIGN (0x4)
 *(.uninitialized_data*)

.data           0x200000c0      0x28c load address 0x10009d34
                0x200000c0                        __data_start__ = .
 *(vtable)
 *(.time_critical*)
 .time_critical.mutex_try_enter_block_until
                0x200000c0       0xa0 CMakeFiles/rtos_braille.dir/home/deane/pico/pico-sdk/src/common/pico_sync/mutex.c.obj
                0x200000c0                mutex_try_enter_block_until
 .time_critical.mutex_exit
                0x20000160       0x20 CMakeFiles/rtos_braille.dir/home/deane/pico/pico-sdk/src/common/pico_sync/mutex.c.obj
                0x20000160                mutex_exit
 .time_critical.spi_write_blocking
                0x20000180       0x4c CMakeFiles/rtos_braille.dir/home/deane/pico/pico-sdk/src/rp2_common/hardware_spi/spi.c.obj
                0x20000180                spi_write_blocking
 .time_critical.spi_read_blocking
                0x200001cc       0x70 CMakeFiles/rtos_braille.dir/home/deane/pico/pico-sdk/src/rp2_common/hardware_spi/spi.c.obj
                0x200001cc                spi_read_blocking
 *(.text*)
 .text          0x2000023c        0x4 /usr/lib/gcc/arm-none-eabi/13.2.1/thumb/v6-m/nofp/libgcc.a(_dvmd_tls.o)
                0x2000023c                __aeabi_ldiv0
                0x2000023c                __aeabi_idiv0
 .text.__stub   0x20000240       0x30 linker stubs
                0x20000270                        . = ALIGN (0x4)
 *(.rodata*)
                0x20000270                        . = ALIGN (0x4)
 *(.data*)
 .data.last_core_id.0
                0x20000270        0x4 CMakeFiles/rtos_braille.dir/rtos_braille.c.obj
 .data.last_core_id.1
                0x20000274        0x4 CMakeFiles/rtos_braille.dir/rtos_braille.c.obj
 .data.last_core_id.3
                0x20000278        0x4 CMakeFiles/rtos_braille.dir/rtos_braille.c.obj
 *fill*         0x2000027c        0x4 
 .data.worker_timeout
                0x20000280       0x18 CMakeFiles/rtos_braille.dir/rtos_braille.c.obj
                0x20000280                worker_timeout
 .data.striped_spin_lock_num
                0x20000298        0x1 CMakeFiles/rtos_braille.dir/home/deane/pico/pico-sdk/src/rp2_common/hardware_sync/sync.c.obj
 *fill*         0x20000299        0x3 
 .data          0x2000029c       0x48 CMakeFiles/rtos_braille.dir/home/deane/pico/pico-sdk/src/rp2_common/hardware_irq/irq_handler_chain.S.obj
                0x2000029c                irq_handler_chain_slots
                0x200002cc                irq_handler_chain_first_slot
                0x200002d6                irq_handler_chain_remove_tail
 .data.default_alarm_pool
                0x200002e4       0x18 CMakeFiles/rtos_braille.dir/home/deane/pico/pico-sdk/src/common/pico_time/time.c.obj
 *fill*         0x200002fc        0x4 
 .data.aeabi_bits_funcs
                0x20000300       0x10 CMakeFiles/rtos_braille.dir/home/deane/pico/pico-sdk/src/rp2_common/pico_bit_ops/bit_ops_aeabi.S.obj
                0x20000300                aeabi_bits_funcs
                0x20000310                aeabi_bits_funcs_end
 .data.aeabi_mem_funcs
                0x20000310       0x10 CMakeFiles/rtos_braille.dir/home/deane/pico/pico-sdk/src/rp2_common/pico_mem_ops/mem_ops_aeabi.S.obj
                0x20000310                aeabi_mem_funcs
                0x20000320                aeabi_mem_funcs_end
 .data.stdio_uart
                0x20000320       0x18 CMakeFiles/rtos_braille.dir/home/deane/pico/pico-sdk/src/rp2_common/pico_stdio_uart/stdio_uart.c.obj
                0x20000320                stdio_uart
 .data.ucPrimaryCoreNum
                0x20000338        0x1 CMakeFiles/rtos_braille.dir/home/deane/freeRtos/FreeRTOS-Kernel/portable/ThirdParty/GCC/RP2040/port.c.obj
                0x2000033c                        . = ALIGN (0x4)
 *fill*         0x20000339        0x3 
 *(.after_data.*)
                0x2000033c                        . = ALIGN (0x4)
                0x2000033c                        PROVIDE (__mutex_array_start = .)
 *(SORT_BY_NAME(.mutex_array.*))
 *(.mutex_array)
 .mutex_array   0x2000033c        0x8 CMakeFiles/rtos_braille.dir/home/deane/pico/pico-sdk/src/rp2_common/pico_malloc/malloc.c.obj
 .mutex_array   0x20000344        0x8 CMakeFiles/rtos_braille.dir/home/deane/pico/pico-sdk/src/rp2_common/pico_stdio/stdio.c.obj
                0x2000034c                        PROVIDE (__mutex_array_end = .)
                0x2000034c                        . = ALIGN (0x4)
 *(.jcr)
                0x2000034c                        . = ALIGN (0x4)

.tm_clone_table
                0x2000034c        0x0 load address 0x10009fc0
 .tm_clone_table
                0x2000034c        0x0 /usr/lib/gcc/arm-none-eabi/13.2.1/thumb/v6-m/nofp/crtbegin.o
 .tm_clone_table
                0x2000034c        0x0 /usr/lib/gcc/arm-none-eabi/13.2.1/thumb/v6-m/nofp/crtend.o

.igot.plt       0x2000034c        0x0 load address 0x10009fc0
 .igot.plt      0x2000034c        0x0 /usr/lib/gcc/arm-none-eabi/13.2.1/thumb/v6-m/nofp/crtbegin.o

.tdata          0x2000034c        0x0 load address 0x10009fc0
                0x2000034c                        . = ALIGN (0x4)
 *(.tdata .tdata.* .gnu.linkonce.td.*)
                0x2000034c                        __tdata_end = .
                0x2000034c                        PROVIDE (__data_end__ = .)
                0x10009d34                        __etext = LOADADDR (.data)

.tbss           0x2000034c        0x0 load address 0x10009fc0
                0x2000034c                        . = ALIGN (0x4)
                0x2000034c                        __bss_start__ = .
                0x2000034c                        __tls_base = .
 *(.tbss .tbss.* .gnu.linkonce.tb.*)
 *(.tcommon)
                0x2000034c                        __tls_end = .

.bss            0x20000350    0x209b8 load address 0x10009fc0
                0x20000350                        . = ALIGN (0x4)
                0x20000350                        __tbss_end = .
 *(SORT_BY_ALIGNMENT(SORT_BY_NAME(.bss*)))
 .bss.async_context_instance
                0x20000350       0x38 CMakeFiles/rtos_braille.dir/rtos_braille.c.obj
 .bss.default_alarm_pool_entries
                0x20000388      0x180 CMakeFiles/rtos_braille.dir/home/deane/pico/pico-sdk/src/common/pico_time/time.c.obj
 .bss.sd_table  0x20000508      0x100 CMakeFiles/rtos_braille.dir/home/deane/pico/pico-sdk/src/rp2_common/pico_double/double_init_rom_rp2040.c.obj
                0x20000508                sd_table
 .bss.sf_table  0x20000608      0x100 CMakeFiles/rtos_braille.dir/home/deane/pico/pico-sdk/src/rp2_common/pico_float/float_init_rom_rp2040.c.obj
                0x20000608                sf_table
 .bss.xQueueRegistry
                0x20000708       0x40 CMakeFiles/rtos_braille.dir/home/deane/freeRtos/FreeRTOS-Kernel/queue.c.obj
                0x20000708                xQueueRegistry
 .bss           0x20000748       0x1c /usr/lib/gcc/arm-none-eabi/13.2.1/thumb/v6-m/nofp/crtbegin.o
 .bss           0x20000764      0x190 /usr/lib/gcc/arm-none-eabi/13.2.1/../../../arm-none-eabi/lib/thumb/v6-m/nofp/libg.a(libc_a-__atexit.o)
                0x20000764                __atexit0
 .bss           0x200008f4        0x4 /usr/lib/gcc/arm-none-eabi/13.2.1/../../../arm-none-eabi/lib/thumb/v6-m/nofp/libg.a(libc_a-__call_atexit.o)
                0x200008f4                __atexit
 .bss.chars_available_callback
                0x200008f8        0x4 CMakeFiles/rtos_braille.dir/home/deane/pico/pico-sdk/src/rp2_common/pico_stdio_uart/stdio_uart.c.obj
 .bss.chars_available_param
                0x200008fc        0x4 CMakeFiles/rtos_braille.dir/home/deane/pico/pico-sdk/src/rp2_common/pico_stdio_uart/stdio_uart.c.obj
 .bss.claimed   0x20000900        0x4 CMakeFiles/rtos_braille.dir/home/deane/pico/pico-sdk/src/rp2_common/hardware_sync/sync.c.obj
 .bss.claimed   0x20000904        0x1 CMakeFiles/rtos_braille.dir/home/deane/pico/pico-sdk/src/rp2_common/hardware_timer/timer.c.obj
 *fill*         0x20000905        0x3 
 .bss.configured_freq
                0x20000908       0x28 CMakeFiles/rtos_braille.dir/home/deane/pico/pico-sdk/src/rp2_common/hardware_clocks/clocks.c.obj
 .bss.count.2   0x20000930        0x4 CMakeFiles/rtos_braille.dir/rtos_braille.c.obj
 .bss.drivers   0x20000934        0x4 CMakeFiles/rtos_braille.dir/home/deane/pico/pico-sdk/src/rp2_common/pico_stdio/stdio.c.obj
 .bss.filter    0x20000938        0x4 CMakeFiles/rtos_braille.dir/home/deane/pico/pico-sdk/src/rp2_common/pico_stdio/stdio.c.obj
 .bss.lazy_vsnprintf
                0x2000093c        0x4 CMakeFiles/rtos_braille.dir/home/deane/pico/pico-sdk/src/rp2_common/pico_printf/printf.c.obj
 .bss.pools     0x20000940       0x10 CMakeFiles/rtos_braille.dir/home/deane/pico/pico-sdk/src/common/pico_time/time.c.obj
 .bss.pxCurrentTCBs
                0x20000950        0x8 CMakeFiles/rtos_braille.dir/home/deane/freeRtos/FreeRTOS-Kernel/tasks.c.obj
                0x20000950                pxCurrentTCBs
 .bss.pxCurrentTimerList
                0x20000958        0x4 CMakeFiles/rtos_braille.dir/home/deane/freeRtos/FreeRTOS-Kernel/timers.c.obj
 .bss.pxDelayedTaskList
                0x2000095c        0x4 CMakeFiles/rtos_braille.dir/home/deane/freeRtos/FreeRTOS-Kernel/tasks.c.obj
 .bss.pxEnd     0x20000960        0x4 CMakeFiles/rtos_braille.dir/home/deane/freeRtos/FreeRTOS-Kernel/portable/MemMang/heap_4.c.obj
 .bss.pxOverflowDelayedTaskList
                0x20000964        0x4 CMakeFiles/rtos_braille.dir/home/deane/freeRtos/FreeRTOS-Kernel/tasks.c.obj
 .bss.pxOverflowTimerList
                0x20000968        0x4 CMakeFiles/rtos_braille.dir/home/deane/freeRtos/FreeRTOS-Kernel/timers.c.obj
 .bss.pxReadyTasksLists
                0x2000096c      0x280 CMakeFiles/rtos_braille.dir/home/deane/freeRtos/FreeRTOS-Kernel/tasks.c.obj
 .bss.pxYieldSpinLock
                0x20000bec        0x8 CMakeFiles/rtos_braille.dir/home/deane/freeRtos/FreeRTOS-Kernel/portable/ThirdParty/GCC/RP2040/port.c.obj
 .bss.sf_clz_func
                0x20000bf4        0x4 CMakeFiles/rtos_braille.dir/home/deane/pico/pico-sdk/src/rp2_common/pico_double/double_init_rom_rp2040.c.obj
                0x20000bf4                sf_clz_func
 .bss.sleep_notifier
                0x20000bf8        0x4 CMakeFiles/rtos_braille.dir/home/deane/pico/pico-sdk/src/common/pico_time/time.c.obj
 .bss.uart_char_to_line_feed
                0x20000bfc        0x4 CMakeFiles/rtos_braille.dir/home/deane/pico/pico-sdk/src/rp2_common/hardware_uart/uart.c.obj
                0x20000bfc                uart_char_to_line_feed
 .bss.uart_instance
                0x20000c00        0x4 CMakeFiles/rtos_braille.dir/home/deane/pico/pico-sdk/src/rp2_common/pico_stdio_uart/stdio_uart.c.obj
 .bss.ucHeap    0x20000c04    0x20000 CMakeFiles/rtos_braille.dir/home/deane/freeRtos/FreeRTOS-Kernel/portable/MemMang/heap_4.c.obj
 .bss.ucOwnedByCore.1
                0x20020c04        0x2 CMakeFiles/rtos_braille.dir/home/deane/freeRtos/FreeRTOS-Kernel/tasks.c.obj
 *fill*         0x20020c06        0x2 
 .bss.ucRecursionCountByLock.0
                0x20020c08        0x2 CMakeFiles/rtos_braille.dir/home/deane/freeRtos/FreeRTOS-Kernel/tasks.c.obj
 *fill*         0x20020c0a        0x2 
 .bss.ulYieldSpinLockSaveValue
                0x20020c0c        0x8 CMakeFiles/rtos_braille.dir/home/deane/freeRtos/FreeRTOS-Kernel/portable/ThirdParty/GCC/RP2040/port.c.obj
 .bss.uxCurrentNumberOfTasks
                0x20020c14        0x4 CMakeFiles/rtos_braille.dir/home/deane/freeRtos/FreeRTOS-Kernel/tasks.c.obj
 .bss.uxDeletedTasksWaitingCleanUp
                0x20020c18        0x4 CMakeFiles/rtos_braille.dir/home/deane/freeRtos/FreeRTOS-Kernel/tasks.c.obj
 .bss.uxSchedulerSuspended
                0x20020c1c        0x4 CMakeFiles/rtos_braille.dir/home/deane/freeRtos/FreeRTOS-Kernel/tasks.c.obj
 .bss.uxTaskNumber
                0x20020c20        0x4 CMakeFiles/rtos_braille.dir/home/deane/freeRtos/FreeRTOS-Kernel/tasks.c.obj
 .bss.uxTopReadyPriority
                0x20020c24        0x4 CMakeFiles/rtos_braille.dir/home/deane/freeRtos/FreeRTOS-Kernel/tasks.c.obj
 .bss.xActiveTimerList1
                0x20020c28       0x14 CMakeFiles/rtos_braille.dir/home/deane/freeRtos/FreeRTOS-Kernel/timers.c.obj
 .bss.xActiveTimerList2
                0x20020c3c       0x14 CMakeFiles/rtos_braille.dir/home/deane/freeRtos/FreeRTOS-Kernel/timers.c.obj
 .bss.xBlockAllocatedBit
                0x20020c50        0x4 CMakeFiles/rtos_braille.dir/home/deane/freeRtos/FreeRTOS-Kernel/portable/MemMang/heap_4.c.obj
 .bss.xDelayedTaskList1
                0x20020c54       0x14 CMakeFiles/rtos_braille.dir/home/deane/freeRtos/FreeRTOS-Kernel/tasks.c.obj
 .bss.xDelayedTaskList2
                0x20020c68       0x14 CMakeFiles/rtos_braille.dir/home/deane/freeRtos/FreeRTOS-Kernel/tasks.c.obj
 .bss.xEventGroup
                0x20020c7c        0x4 CMakeFiles/rtos_braille.dir/home/deane/freeRtos/FreeRTOS-Kernel/portable/ThirdParty/GCC/RP2040/port.c.obj
 .bss.xFreeBytesRemaining
                0x20020c80        0x4 CMakeFiles/rtos_braille.dir/home/deane/freeRtos/FreeRTOS-Kernel/portable/MemMang/heap_4.c.obj
 .bss.xIdleTaskHandle
                0x20020c84        0x8 CMakeFiles/rtos_braille.dir/home/deane/freeRtos/FreeRTOS-Kernel/tasks.c.obj
 .bss.xLastTime.0
                0x20020c8c        0x4 CMakeFiles/rtos_braille.dir/home/deane/freeRtos/FreeRTOS-Kernel/timers.c.obj
 .bss.xMinimumEverFreeBytesRemaining
                0x20020c90        0x4 CMakeFiles/rtos_braille.dir/home/deane/freeRtos/FreeRTOS-Kernel/portable/MemMang/heap_4.c.obj
 .bss.xNextTaskUnblockTime
                0x20020c94        0x4 CMakeFiles/rtos_braille.dir/home/deane/freeRtos/FreeRTOS-Kernel/tasks.c.obj
 .bss.xNumOfOverflows
                0x20020c98        0x4 CMakeFiles/rtos_braille.dir/home/deane/freeRtos/FreeRTOS-Kernel/tasks.c.obj
 .bss.xNumberOfSuccessfulAllocations
                0x20020c9c        0x4 CMakeFiles/rtos_braille.dir/home/deane/freeRtos/FreeRTOS-Kernel/portable/MemMang/heap_4.c.obj
 .bss.xNumberOfSuccessfulFrees
                0x20020ca0        0x4 CMakeFiles/rtos_braille.dir/home/deane/freeRtos/FreeRTOS-Kernel/portable/MemMang/heap_4.c.obj
 .bss.xPendedTicks
                0x20020ca4        0x4 CMakeFiles/rtos_braille.dir/home/deane/freeRtos/FreeRTOS-Kernel/tasks.c.obj
 .bss.xPendingReadyList
                0x20020ca8       0x14 CMakeFiles/rtos_braille.dir/home/deane/freeRtos/FreeRTOS-Kernel/tasks.c.obj
 .bss.xSchedulerRunning
                0x20020cbc        0x4 CMakeFiles/rtos_braille.dir/home/deane/freeRtos/FreeRTOS-Kernel/tasks.c.obj
 .bss.xStart    0x20020cc0        0x8 CMakeFiles/rtos_braille.dir/home/deane/freeRtos/FreeRTOS-Kernel/portable/MemMang/heap_4.c.obj
 .bss.xSuspendedTaskList
                0x20020cc8       0x14 CMakeFiles/rtos_braille.dir/home/deane/freeRtos/FreeRTOS-Kernel/tasks.c.obj
 .bss.xTasksWaitingTermination
                0x20020cdc       0x14 CMakeFiles/rtos_braille.dir/home/deane/freeRtos/FreeRTOS-Kernel/tasks.c.obj
 .bss.xTickCount
                0x20020cf0        0x4 CMakeFiles/rtos_braille.dir/home/deane/freeRtos/FreeRTOS-Kernel/tasks.c.obj
 .bss.xTimerQueue
                0x20020cf4        0x4 CMakeFiles/rtos_braille.dir/home/deane/freeRtos/FreeRTOS-Kernel/timers.c.obj
 .bss.xTimerTaskHandle
                0x20020cf8        0x4 CMakeFiles/rtos_braille.dir/home/deane/freeRtos/FreeRTOS-Kernel/timers.c.obj
 .bss.xYieldPendings
                0x20020cfc        0x8 CMakeFiles/rtos_braille.dir/home/deane/freeRtos/FreeRTOS-Kernel/tasks.c.obj
 .bss.irq_handler_chain_free_slot_head
                0x20020d04        0x1 CMakeFiles/rtos_braille.dir/home/deane/pico/pico-sdk/src/rp2_common/hardware_irq/irq.c.obj
 *(COMMON)
                0x20020d08                        . = ALIGN (0x4)
 *fill*         0x20020d05        0x3 
                0x20020d08                        __bss_end__ = .

.heap           0x20020d08    0x1f2f8 load address 0x10009fc0
                0x20020d08                        __end__ = .
                0x20020d08                        end = __end__
 *(.heap*)
 .heap          0x20020d08      0x800 CMakeFiles/rtos_braille.dir/home/deane/pico/pico-sdk/src/rp2_common/pico_crt0/crt0.S.obj
                0x20040000                        . = (ORIGIN (RAM) + LENGTH (RAM))
 *fill*         0x20021508    0x1eaf8 
                0x20040000                        __HeapLimit = .

.scratch_x      0x20040000        0x0 load address 0x10009fc0
                0x20040000                        __scratch_x_start__ = .
 *(.scratch_x.*)
                0x20040000                        . = ALIGN (0x4)
                0x20040000                        __scratch_x_end__ = .
                0x10009fc0                        __scratch_x_source__ = LOADADDR (.scratch_x)

.scratch_y      0x20041000        0x0 load address 0x10009fc0
                0x20041000                        __scratch_y_start__ = .
 *(.scratch_y.*)
                0x20041000                        . = ALIGN (0x4)
                0x20041000                        __scratch_y_end__ = .
                0x10009fc0                        __scratch_y_source__ = LOADADDR (.scratch_y)

.stack1_dummy   0x20040000      0x800
 *(.stack1*)
 .stack1        0x20040000      0x800 CMakeFiles/rtos_braille.dir/home/deane/pico/pico-sdk/src/rp2_common/pico_multicore/multicore.c.obj

.stack_dummy    0x20041000      0x800
 *(.stack*)
 .stack         0x20041000      0x800 CMakeFiles/rtos_braille.dir/home/deane/pico/pico-sdk/src/rp2_common/pico_crt0/crt0.S.obj

.flash_end      0x10009fc0        0x0
 *(.embedded_end_block*)
                0x10009fc0                        PROVIDE (__flash_binary_end = .)
                0x20040000                        __StackLimit = (ORIGIN (RAM) + LENGTH (RAM))
                0x20041000                        __StackOneTop = (ORIGIN (SCRATCH_X) + LENGTH (SCRATCH_X))
                0x20042000                        __StackTop = (ORIGIN (SCRATCH_Y) + LENGTH (SCRATCH_Y))
                0x20040800                        __StackOneBottom = (__StackOneTop - SIZEOF (.stack1_dummy))
                0x20041800                        __StackBottom = (__StackTop - SIZEOF (.stack_dummy))
                0x20042000                        PROVIDE (__stack = __StackTop)
                [!provide]                        PROVIDE (__heap_start = __end__)
                [!provide]                        PROVIDE (__heap_end = __HeapLimit)
                [!provide]                        PROVIDE (__tls_align = MAX (ALIGNOF (.tdata), ALIGNOF (.tbss)))
                [!provide]                        PROVIDE (__tls_size_align = (((__tls_size + __tls_align) - 0x1) & ~ ((__tls_align - 0x1))))
                [!provide]                        PROVIDE (__arm32_tls_tcb_offset = MAX (0x8, __tls_align))
                [!provide]                        PROVIDE (_end = __end__)
                [!provide]                        PROVIDE (__llvm_libc_heap_limit = __HeapLimit)
                0x00000001                        ASSERT ((__StackLimit >= __HeapLimit), region RAM overflowed)
                0x00000001                        ASSERT (((__binary_info_header_end - __logical_binary_start) <= 0x100), Binary info must be in first 256 bytes of the binary)
LOAD CMakeFiles/rtos_braille.dir/braille.c.obj
LOAD CMakeFiles/rtos_braille.dir/spi_braille.c.obj
LOAD CMakeFiles/rtos_braille.dir/rtos_braille.c.obj
LOAD CMakeFiles/rtos_braille.dir/home/deane/pico/pico-sdk/src/rp2_common/pico_stdlib/stdlib.c.obj
LOAD CMakeFiles/rtos_braille.dir/home/deane/pico/pico-sdk/src/rp2_common/hardware_gpio/gpio.c.obj
LOAD CMakeFiles/rtos_braille.dir/home/deane/pico/pico-sdk/src/rp2040/pico_platform/platform.c.obj
LOAD CMakeFiles/rtos_braille.dir/home/deane/pico/pico-sdk/src/rp2_common/pico_platform_panic/panic.c.obj
LOAD CMakeFiles/rtos_braille.dir/home/deane/pico/pico-sdk/src/common/hardware_claim/claim.c.obj
LOAD CMakeFiles/rtos_braille.dir/home/deane/pico/pico-sdk/src/rp2_common/hardware_sync/sync.c.obj
LOAD CMakeFiles/rtos_braille.dir/home/deane/pico/pico-sdk/src/rp2_common/hardware_sync_spin_lock/sync_spin_lock.c.obj
LOAD CMakeFiles/rtos_braille.dir/home/deane/pico/pico-sdk/src/rp2_common/hardware_irq/irq.c.obj
LOAD CMakeFiles/rtos_braille.dir/home/deane/pico/pico-sdk/src/rp2_common/hardware_irq/irq_handler_chain.S.obj
LOAD CMakeFiles/rtos_braille.dir/home/deane/pico/pico-sdk/src/common/pico_sync/sem.c.obj
LOAD CMakeFiles/rtos_braille.dir/home/deane/pico/pico-sdk/src/common/pico_sync/lock_core.c.obj
LOAD CMakeFiles/rtos_braille.dir/home/deane/pico/pico-sdk/src/common/pico_sync/mutex.c.obj
LOAD CMakeFiles/rtos_braille.dir/home/deane/pico/pico-sdk/src/common/pico_sync/critical_section.c.obj
LOAD CMakeFiles/rtos_braille.dir/home/deane/pico/pico-sdk/src/common/pico_time/time.c.obj
LOAD CMakeFiles/rtos_braille.dir/home/deane/pico/pico-sdk/src/common/pico_time/timeout_helper.c.obj
LOAD CMakeFiles/rtos_braille.dir/home/deane/pico/pico-sdk/src/rp2_common/hardware_timer/timer.c.obj
LOAD CMakeFiles/rtos_braille.dir/home/deane/pico/pico-sdk/src/common/pico_util/datetime.c.obj
LOAD CMakeFiles/rtos_braille.dir/home/deane/pico/pico-sdk/src/common/pico_util/pheap.c.obj
LOAD CMakeFiles/rtos_braille.dir/home/deane/pico/pico-sdk/src/common/pico_util/queue.c.obj
LOAD CMakeFiles/rtos_braille.dir/home/deane/pico/pico-sdk/src/rp2_common/hardware_uart/uart.c.obj
LOAD CMakeFiles/rtos_braille.dir/home/deane/pico/pico-sdk/src/rp2_common/hardware_clocks/clocks.c.obj
LOAD CMakeFiles/rtos_braille.dir/home/deane/pico/pico-sdk/src/rp2_common/hardware_pll/pll.c.obj
LOAD CMakeFiles/rtos_braille.dir/home/deane/pico/pico-sdk/src/rp2_common/hardware_vreg/vreg.c.obj
LOAD CMakeFiles/rtos_braille.dir/home/deane/pico/pico-sdk/src/rp2_common/hardware_watchdog/watchdog.c.obj
LOAD CMakeFiles/rtos_braille.dir/home/deane/pico/pico-sdk/src/rp2_common/hardware_ticks/ticks.c.obj
LOAD CMakeFiles/rtos_braille.dir/home/deane/pico/pico-sdk/src/rp2_common/hardware_xosc/xosc.c.obj
LOAD CMakeFiles/rtos_braille.dir/home/deane/pico/pico-sdk/src/rp2_common/hardware_divider/divider.S.obj
LOAD CMakeFiles/rtos_braille.dir/home/deane/pico/pico-sdk/src/rp2_common/pico_runtime/runtime.c.obj
LOAD CMakeFiles/rtos_braille.dir/home/deane/pico/pico-sdk/src/rp2_common/pico_runtime_init/runtime_init.c.obj
LOAD CMakeFiles/rtos_braille.dir/home/deane/pico/pico-sdk/src/rp2_common/pico_runtime_init/runtime_init_clocks.c.obj
LOAD CMakeFiles/rtos_braille.dir/home/deane/pico/pico-sdk/src/rp2_common/pico_runtime_init/runtime_init_stack_guard.c.obj
LOAD CMakeFiles/rtos_braille.dir/home/deane/pico/pico-sdk/src/rp2_common/pico_bit_ops/bit_ops_aeabi.S.obj
LOAD CMakeFiles/rtos_braille.dir/home/deane/pico/pico-sdk/src/rp2_common/pico_bootrom/bootrom.c.obj
LOAD CMakeFiles/rtos_braille.dir/home/deane/pico/pico-sdk/src/rp2_common/pico_bootrom/bootrom_lock.c.obj